Archive member included to satisfy reference by file (symbol)

CMakeFiles\HFSM_Windows.dir/objects.a(main.cpp.obj)
                              (--whole-archive)
C:/Mingw_64/mingw64/bin/../lib/gcc/x86_64-w64-mingw32/8.1.0/../../../../x86_64-w64-mingw32/lib/../lib/libkernel32.a(dqifs01527.o)
                              C:/Mingw_64/mingw64/bin/../lib/gcc/x86_64-w64-mingw32/8.1.0/../../../../x86_64-w64-mingw32/lib/../lib/crt2.o (__C_specific_handler)
C:/Mingw_64/mingw64/bin/../lib/gcc/x86_64-w64-mingw32/8.1.0/../../../../x86_64-w64-mingw32/lib/../lib/libkernel32.a(dqifs01360.o)
                              C:/Mingw_64/mingw64/bin/../lib/gcc/x86_64-w64-mingw32/8.1.0/../../../../x86_64-w64-mingw32/lib/../lib/crt2.o (__imp_Sleep)
C:/Mingw_64/mingw64/bin/../lib/gcc/x86_64-w64-mingw32/8.1.0/../../../../x86_64-w64-mingw32/lib/../lib/libkernel32.a(dqifs01346.o)
                              C:/Mingw_64/mingw64/bin/../lib/gcc/x86_64-w64-mingw32/8.1.0/../../../../x86_64-w64-mingw32/lib/../lib/crt2.o (__imp_SetUnhandledExceptionFilter)
C:/Mingw_64/mingw64/bin/../lib/gcc/x86_64-w64-mingw32/8.1.0/../../../../x86_64-w64-mingw32/lib/../lib/libkernel32.a(dqifs00721.o)
                              C:/Mingw_64/mingw64/bin/../lib/gcc/x86_64-w64-mingw32/8.1.0/../../../../x86_64-w64-mingw32/lib/../lib/crt2.o (__imp_GetStartupInfoA)
C:/Mingw_64/mingw64/bin/../lib/gcc/x86_64-w64-mingw32/8.1.0/../../../../x86_64-w64-mingw32/lib/../lib/libkernel32.a(dqifh.o)
                              C:/Mingw_64/mingw64/bin/../lib/gcc/x86_64-w64-mingw32/8.1.0/../../../../x86_64-w64-mingw32/lib/../lib/libkernel32.a(dqifs01527.o) (_head_lib64_libkernel32_a)
C:/Mingw_64/mingw64/bin/../lib/gcc/x86_64-w64-mingw32/8.1.0/../../../../x86_64-w64-mingw32/lib/../lib/libkernel32.a(dqift.o)
                              C:/Mingw_64/mingw64/bin/../lib/gcc/x86_64-w64-mingw32/8.1.0/../../../../x86_64-w64-mingw32/lib/../lib/libkernel32.a(dqifh.o) (__lib64_libkernel32_a_iname)
C:/Mingw_64/mingw64/bin/../lib/gcc/x86_64-w64-mingw32/8.1.0/libstdc++.dll.a(d005880.o)
                              CMakeFiles\HFSM_Windows.dir/objects.a(main.cpp.obj) (__gxx_personality_seh0)
C:/Mingw_64/mingw64/bin/../lib/gcc/x86_64-w64-mingw32/8.1.0/libstdc++.dll.a(d005833.o)
                              CMakeFiles\HFSM_Windows.dir/objects.a(main.cpp.obj) (operator new(unsigned long long))
C:/Mingw_64/mingw64/bin/../lib/gcc/x86_64-w64-mingw32/8.1.0/libstdc++.dll.a(d005823.o)
                              CMakeFiles\HFSM_Windows.dir/objects.a(main.cpp.obj) (operator delete(void*))
C:/Mingw_64/mingw64/bin/../lib/gcc/x86_64-w64-mingw32/8.1.0/libstdc++.dll.a(d004847.o)
                              CMakeFiles\HFSM_Windows.dir/objects.a(main.cpp.obj) (std::basic_ostream<char, std::char_traits<char> >& std::operator<< <std::char_traits<char> >(std::basic_ostream<char, std::char_traits<char> >&, char const*))
C:/Mingw_64/mingw64/bin/../lib/gcc/x86_64-w64-mingw32/8.1.0/libstdc++.dll.a(d004738.o)
                              (__imp__ZSt4cout)
C:/Mingw_64/mingw64/bin/../lib/gcc/x86_64-w64-mingw32/8.1.0/libstdc++.dll.a(d004729.o)
                              CMakeFiles\HFSM_Windows.dir/objects.a(main.cpp.obj) (std::__throw_bad_function_call())
C:/Mingw_64/mingw64/bin/../lib/gcc/x86_64-w64-mingw32/8.1.0/libstdc++.dll.a(d004713.o)
                              CMakeFiles\HFSM_Windows.dir/objects.a(main.cpp.obj) (std::__throw_length_error(char const*))
C:/Mingw_64/mingw64/bin/../lib/gcc/x86_64-w64-mingw32/8.1.0/libstdc++.dll.a(d004705.o)
                              CMakeFiles\HFSM_Windows.dir/objects.a(main.cpp.obj) (std::__throw_logic_error(char const*))
C:/Mingw_64/mingw64/bin/../lib/gcc/x86_64-w64-mingw32/8.1.0/libstdc++.dll.a(d004685.o)
                              CMakeFiles\HFSM_Windows.dir/objects.a(main.cpp.obj) (std::basic_ostream<char, std::char_traits<char> >& std::__ostream_insert<char, std::char_traits<char> >(std::basic_ostream<char, std::char_traits<char> >&, char const*, long long))
C:/Mingw_64/mingw64/bin/../lib/gcc/x86_64-w64-mingw32/8.1.0/libstdc++.dll.a(d004450.o)
                              CMakeFiles\HFSM_Windows.dir/objects.a(main.cpp.obj) (std::ios_base::Init::~Init())
C:/Mingw_64/mingw64/bin/../lib/gcc/x86_64-w64-mingw32/8.1.0/libstdc++.dll.a(d004448.o)
                              CMakeFiles\HFSM_Windows.dir/objects.a(main.cpp.obj) (std::ios_base::Init::Init())
C:/Mingw_64/mingw64/bin/../lib/gcc/x86_64-w64-mingw32/8.1.0/libstdc++.dll.a(d001748.o)
                              CMakeFiles\HFSM_Windows.dir/objects.a(main.cpp.obj) (std::ostream::operator<<(int))
C:/Mingw_64/mingw64/bin/../lib/gcc/x86_64-w64-mingw32/8.1.0/libstdc++.dll.a(d000000.o)
                              C:/Mingw_64/mingw64/bin/../lib/gcc/x86_64-w64-mingw32/8.1.0/libstdc++.dll.a(d005880.o) (_head_libstdc___6_dll)
C:/Mingw_64/mingw64/bin/../lib/gcc/x86_64-w64-mingw32/8.1.0/libstdc++.dll.a(d005884.o)
[...]
Memory Configuration

Name             Origin             Length             Attributes
*default*        0x0000000000000000 0xffffffffffffffff

Linker script and memory map

                0x0000000000400000                __image_base__ = 0x400000
                0x0000000000000000                __dll__ = 0x0
                0x0000000000400000                __ImageBase = 0x400000
                0x0000000000001000                __section_alignment__ = 0x1000
                0x0000000000000200                __file_alignment__ = 0x200
                0x0000000000000004                __major_os_version__ = 0x4
                0x0000000000000000                __minor_os_version__ = 0x0
                0x0000000000000000                __major_image_version__ = 0x0
                0x0000000000000000                __minor_image_version__ = 0x0
                0x0000000000000005                __major_subsystem_version__ = 0x5
                0x0000000000000002                __minor_subsystem_version__ = 0x2
                0x0000000000000003                __subsystem__ = 0x3
                0x0000000000200000                __size_of_stack_reserve__ = 0x200000
                0x0000000000001000                __size_of_stack_commit__ = 0x1000
                0x0000000000100000                __size_of_heap_reserve__ = 0x100000
                0x0000000000001000                __size_of_heap_commit__ = 0x1000
                0x0000000000000000                __loader_flags__ = 0x0
                0x0000000000000000                __dll_characteristics__ = 0x0
LOAD C:/Mingw_64/mingw64/bin/../lib/gcc/x86_64-w64-mingw32/8.1.0/../../../../x86_64-w64-mingw32/lib/../lib/crt2.o
LOAD C:/Mingw_64/mingw64/bin/../lib/gcc/x86_64-w64-mingw32/8.1.0/crtbegin.o
LOAD CMakeFiles\HFSM_Windows.dir/objects.a
LOAD C:/Mingw_64/mingw64/bin/../lib/gcc/x86_64-w64-mingw32/8.1.0/../../../../x86_64-w64-mingw32/lib/../lib/libkernel32.a
LOAD C:/Mingw_64/mingw64/bin/../lib/gcc/x86_64-w64-mingw32/8.1.0/../../../../x86_64-w64-mingw32/lib/../lib/libuser32.a
LOAD C:/Mingw_64/mingw64/bin/../lib/gcc/x86_64-w64-mingw32/8.1.0/../../../../x86_64-w64-mingw32/lib/../lib/libgdi32.a
LOAD C:/Mingw_64/mingw64/bin/../lib/gcc/x86_64-w64-mingw32/8.1.0/../../../../x86_64-w64-mingw32/lib/../lib/libwinspool.a
LOAD C:/Mingw_64/mingw64/bin/../lib/gcc/x86_64-w64-mingw32/8.1.0/../../../../x86_64-w64-mingw32/lib/../lib/libshell32.a
LOAD C:/Mingw_64/mingw64/bin/../lib/gcc/x86_64-w64-mingw32/8.1.0/../../../../x86_64-w64-mingw32/lib/../lib/libole32.a
LOAD C:/Mingw_64/mingw64/bin/../lib/gcc/x86_64-w64-mingw32/8.1.0/../../../../x86_64-w64-mingw32/lib/../lib/liboleaut32.a
LOAD C:/Mingw_64/mingw64/bin/../lib/gcc/x86_64-w64-mingw32/8.1.0/../../../../x86_64-w64-mingw32/lib/../lib/libuuid.a
LOAD C:/Mingw_64/mingw64/bin/../lib/gcc/x86_64-w64-mingw32/8.1.0/../../../../x86_64-w64-mingw32/lib/../lib/libcomdlg32.a
LOAD C:/Mingw_64/mingw64/bin/../lib/gcc/x86_64-w64-mingw32/8.1.0/../../../../x86_64-w64-mingw32/lib/../lib/libadvapi32.a
LOAD C:/Mingw_64/mingw64/bin/../lib/gcc/x86_64-w64-mingw32/8.1.0/libstdc++.dll.a
LOAD C:/Mingw_64/mingw64/bin/../lib/gcc/x86_64-w64-mingw32/8.1.0/../../../../x86_64-w64-mingw32/lib/../lib/libmingw32.a
LOAD C:/Mingw_64/mingw64/bin/../lib/gcc/x86_64-w64-mingw32/8.1.0/../../../../x86_64-w64-mingw32/lib/../lib/libgcc_s.a
LOAD C:/Mingw_64/mingw64/bin/../lib/gcc/x86_64-w64-mingw32/8.1.0/libgcc.a
LOAD C:/Mingw_64/mingw64/bin/../lib/gcc/x86_64-w64-mingw32/8.1.0/../../../../x86_64-w64-mingw32/lib/../lib/libmoldname.a
LOAD C:/Mingw_64/mingw64/bin/../lib/gcc/x86_64-w64-mingw32/8.1.0/../../../../x86_64-w64-mingw32/lib/../lib/libmingwex.a
LOAD C:/Mingw_64/mingw64/bin/../lib/gcc/x86_64-w64-mingw32/8.1.0/../../../../x86_64-w64-mingw32/lib/../lib/libmsvcrt.a
LOAD C:/Mingw_64/mingw64/bin/../lib/gcc/x86_64-w64-mingw32/8.1.0/../../../../x86_64-w64-mingw32/lib/../lib/libpthread.dll.a
LOAD C:/Mingw_64/mingw64/bin/../lib/gcc/x86_64-w64-mingw32/8.1.0/../../../../x86_64-w64-mingw32/lib/../lib/libadvapi32.a
LOAD C:/Mingw_64/mingw64/bin/../lib/gcc/x86_64-w64-mingw32/8.1.0/../../../../x86_64-w64-mingw32/lib/../lib/libshell32.a
LOAD C:/Mingw_64/mingw64/bin/../lib/gcc/x86_64-w64-mingw32/8.1.0/../../../../x86_64-w64-mingw32/lib/../lib/libuser32.a
LOAD C:/Mingw_64/mingw64/bin/../lib/gcc/x86_64-w64-mingw32/8.1.0/../../../../x86_64-w64-mingw32/lib/../lib/libkernel32.a
LOAD C:/Mingw_64/mingw64/bin/../lib/gcc/x86_64-w64-mingw32/8.1.0/../../../../x86_64-w64-mingw32/lib/../lib/libiconv.a
LOAD C:/Mingw_64/mingw64/bin/../lib/gcc/x86_64-w64-mingw32/8.1.0/../../../../x86_64-w64-mingw32/lib/../lib/libmingw32.a
LOAD C:/Mingw_64/mingw64/bin/../lib/gcc/x86_64-w64-mingw32/8.1.0/../../../../x86_64-w64-mingw32/lib/../lib/libgcc_s.a
LOAD C:/Mingw_64/mingw64/bin/../lib/gcc/x86_64-w64-mingw32/8.1.0/libgcc.a
LOAD C:/Mingw_64/mingw64/bin/../lib/gcc/x86_64-w64-mingw32/8.1.0/../../../../x86_64-w64-mingw32/lib/../lib/libmoldname.a
LOAD C:/Mingw_64/mingw64/bin/../lib/gcc/x86_64-w64-mingw32/8.1.0/../../../../x86_64-w64-mingw32/lib/../lib/libmingwex.a
LOAD C:/Mingw_64/mingw64/bin/../lib/gcc/x86_64-w64-mingw32/8.1.0/../../../../x86_64-w64-mingw32/lib/../lib/libmsvcrt.a
LOAD C:/Mingw_64/mingw64/bin/../lib/gcc/x86_64-w64-mingw32/8.1.0/crtend.o
                0x0000000000000430                . = SIZEOF_HEADERS
                0x0000000000001000                . = ALIGN (__section_alignment__)

.text           0x0000000000401000     0x2400
 *(.init)
 *(.text)
 .text          0x0000000000401000      0x530 C:/Mingw_64/mingw64/bin/../lib/gcc/x86_64-w64-mingw32/8.1.0/../../../../x86_64-w64-mingw32/lib/../lib/crt2.o
                0x00000000004014b0                WinMainCRTStartup
                0x00000000004014e0                mainCRTStartup
                0x0000000000401510                atexit
 .text          0x0000000000401530       0x20 C:/Mingw_64/mingw64/bin/../lib/gcc/x86_64-w64-mingw32/8.1.0/crtbegin.o
                0x0000000000401530                __gcc_register_frame
                0x0000000000401540                __gcc_deregister_frame
 .text          0x0000000000401550        0x8 C:/Mingw_64/mingw64/bin/../lib/gcc/x86_64-w64-mingw32/8.1.0/../../../../x86_64-w64-mingw32/lib/../lib/libkernel32.a(dqifs01527.o)
                0x0000000000401550                __C_specific_handler
 .text          0x0000000000401558        0x8 C:/Mingw_64/mingw64/bin/../lib/gcc/x86_64-w64-mingw32/8.1.0/libstdc++.dll.a(d005880.o)
                0x0000000000401558                __gxx_personality_seh0
 .text          0x0000000000401560        0x8 C:/Mingw_64/mingw64/bin/../lib/gcc/x86_64-w64-mingw32/8.1.0/libstdc++.dll.a(d005833.o)
                0x0000000000401560                operator new(unsigned long long)
 .text          0x0000000000401568        0x8 C:/Mingw_64/mingw64/bin/../lib/gcc/x86_64-w64-mingw32/8.1.0/libstdc++.dll.a(d005823.o)
                0x0000000000401568                operator delete(void*)
 .text          0x0000000000401570        0x8 C:/Mingw_64/mingw64/bin/../lib/gcc/x86_64-w64-mingw32/8.1.0/libstdc++.dll.a(d004847.o)
                0x0000000000401570                std::basic_ostream<char, std::char_traits<char> >& std::operator<< <std::char_traits<char> >(std::basic_ostream<char, std::char_traits<char> >&, char const*)
 .text          0x0000000000401578        0x8 C:/Mingw_64/mingw64/bin/../lib/gcc/x86_64-w64-mingw32/8.1.0/libstdc++.dll.a(d004729.o)
                0x0000000000401578                std::__throw_bad_function_call()
 .text          0x0000000000401580        0x8 C:/Mingw_64/mingw64/bin/../lib/gcc/x86_64-w64-mingw32/8.1.0/libstdc++.dll.a(d004713.o)
                0x0000000000401580                std::__throw_length_error(char const*)
 .text          0x0000000000401588        0x8 C:/Mingw_64/mingw64/bin/../lib/gcc/x86_64-w64-mingw32/8.1.0/libstdc++.dll.a(d004705.o)
                0x0000000000401588                std::__throw_logic_error(char const*)
 .text          0x0000000000401590        0x8 C:/Mingw_64/mingw64/bin/../lib/gcc/x86_64-w64-mingw32/8.1.0/libstdc++.dll.a(d004685.o)
                0x0000000000401590                std::basic_ostream<char, std::char_traits<char> >& std::__ostream_insert<char, std::char_traits<char> >(std::basic_ostream<char, std::char_traits<char> >&, char const*, long long)
 .text          0x0000000000401598        0x8 C:/Mingw_64/mingw64/bin/../lib/gcc/x86_64-w64-mingw32/8.1.0/libstdc++.dll.a(d004450.o)
                0x0000000000401598                std::ios_base::Init::~Init()
 .text          0x00000000004015a0        0x8 C:/Mingw_64/mingw64/bin/../lib/gcc/x86_64-w64-mingw32/8.1.0/libstdc++.dll.a(d004448.o)
                0x00000000004015a0                std::ios_base::Init::Init()
 .text          0x00000000004015a8        0x8 C:/Mingw_64/mingw64/bin/../lib/gcc/x86_64-w64-mingw32/8.1.0/libstdc++.dll.a(d001748.o)
                0x00000000004015a8                std::ostream::operator<<(int)
 .text          0x00000000004015b0       0xd0 C:/Mingw_64/mingw64/bin/../lib/gcc/x86_64-w64-mingw32/8.1.0/../../../../x86_64-w64-mingw32/lib/../lib/libmingw32.a(lib64_libmingw32_a-gccmain.o)
                0x00000000004015b0                __do_global_dtors
                0x00000000004015f0                __do_global_ctors
                0x0000000000401660                __main
 .text          0x0000000000401680       0x10 C:/Mingw_64/mingw64/bin/../lib/gcc/x86_64-w64-mingw32/8.1.0/../../../../x86_64-w64-mingw32/lib/../lib/libmingw32.a(lib64_libmingw32_a-charmax.o)
 .text          0x0000000000401690       0x10 C:/Mingw_64/mingw64/bin/../lib/gcc/x86_64-w64-mingw32/8.1.0/../../../../x86_64-w64-mingw32/lib/../lib/libmingw32.a(lib64_libmingw32_a-dllargv.o)
                0x0000000000401690                _setargv
 .text          0x00000000004016a0      0x1e0 C:/Mingw_64/mingw64/bin/../lib/gcc/x86_64-w64-mingw32/8.1.0/../../../../x86_64-w64-mingw32/lib/../lib/libmingw32.a(lib64_libmingw32_a-gs_support.o)
                0x00000000004016a0                __security_init_cookie
                0x0000000000401780                __report_gsfailure
 .text          0x0000000000401880       0xc0 C:/Mingw_64/mingw64/bin/../lib/gcc/x86_64-w64-mingw32/8.1.0/../../../../x86_64-w64-mingw32/lib/../lib/libmingw32.a(lib64_libmingw32_a-tlssup.o)
                0x00000000004018b0                __dyn_tls_init
                0x0000000000401930                __tlregdtor
 .text          0x0000000000401940      0x160 C:/Mingw_64/mingw64/bin/../lib/gcc/x86_64-w64-mingw32/8.1.0/../../../../x86_64-w64-mingw32/lib/../lib/libmingw32.a(lib64_libmingw32_a-merr.o)
                0x0000000000401940                __mingw_raise_matherr
                0x0000000000401990                __mingw_setusermatherr
                0x00000000004019a0                _matherr
 .text          0x0000000000401aa0       0x10 C:/Mingw_64/mingw64/bin/../lib/gcc/x86_64-w64-mingw32/8.1.0/../../../../x86_64-w64-mingw32/lib/../lib/libmingw32.a(lib64_libmingw32_a-CRT_fp10.o)
                0x0000000000401aa0                fpreset
                0x0000000000401aa0                _fpreset
 .text          0x0000000000401ab0       0x20 C:/Mingw_64/mingw64/bin/../lib/gcc/x86_64-w64-mingw32/8.1.0/../../../../x86_64-w64-mingw32/lib/../lib/libmingw32.a(lib64_libmingw32_a-mingw_helpers.o)
                0x0000000000401ab0                _decode_pointer
                0x0000000000401ac0                _encode_pointer
 .text          0x0000000000401ad0      0x490 C:/Mingw_64/mingw64/bin/../lib/gcc/x86_64-w64-mingw32/8.1.0/../../../../x86_64-w64-mingw32/lib/../lib/libmingw32.a(lib64_libmingw32_a-pseudo-reloc.o)
                0x0000000000401ca0                _pei386_runtime_relocator
 .text          0x0000000000401f60      0x480 C:/Mingw_64/mingw64/bin/../lib/gcc/x86_64-w64-mingw32/8.1.0/../../../../x86_64-w64-mingw32/lib/../lib/libmingw32.a(lib64_libmingw32_a-crt_handler.o)
                0x0000000000401f60                __mingw_SEH_error_handler
                0x0000000000402100                __mingw_init_ehandler
                0x00000000004021f0                _gnu_exception_handler
 .text          0x00000000004023e0      0x270 C:/Mingw_64/mingw64/bin/../lib/gcc/x86_64-w64-mingw32/8.1.0/../../../../x86_64-w64-mingw32/lib/../lib/libmingw32.a(lib64_libmingw32_a-tlsthrd.o)
                0x0000000000402450                ___w64_mingwthr_add_key_dtor
                0x00000000004024d0                ___w64_mingwthr_remove_key_dtor
                0x0000000000402570                __mingw_TLScallback
 .text          0x0000000000402650      0x3e0 C:/Mingw_64/mingw64/bin/../lib/gcc/x86_64-w64-mingw32/8.1.0/../../../../x86_64-w64-mingw32/lib/../lib/libmingw32.a(lib64_libmingw32_a-pesect.o)
                0x0000000000402670                _ValidateImageBase
                0x0000000000402690                _FindPESection
                0x00000000004026e0                _FindPESectionByName
                0x0000000000402770                __mingw_GetSectionForAddress
                0x00000000004027f0                __mingw_GetSectionCount
                0x0000000000402830                _FindPESectionExec
                0x00000000004028a0                _GetPEImageBase
                0x00000000004028e0                _IsNonwritableInCurrentImage
                0x0000000000402980                __mingw_enum_import_library_names
 .text          0x0000000000402a30        0x8 C:/Mingw_64/mingw64/bin/../lib/gcc/x86_64-w64-mingw32/8.1.0/../../../../x86_64-w64-mingw32/lib/../lib/libgcc_s.a(d000015.o)
                0x0000000000402a30                _Unwind_Resume
 *fill*         0x0000000000402a38        0x8 
 .text          0x0000000000402a40       0x40 C:/Mingw_64/mingw64/bin/../lib/gcc/x86_64-w64-mingw32/8.1.0/libgcc.a(_chkstk_ms.o)
                0x0000000000402a40                ___chkstk_ms
 .text          0x0000000000402a80        0x8 C:/Mingw_64/mingw64/bin/../lib/gcc/x86_64-w64-mingw32/8.1.0/../../../../x86_64-w64-mingw32/lib/../lib/libmsvcrt.a(duags01243.o)
                0x0000000000402a80                vfprintf
 .text          0x0000000000402a88        0x8 C:/Mingw_64/mingw64/bin/../lib/gcc/x86_64-w64-mingw32/8.1.0/../../../../x86_64-w64-mingw32/lib/../lib/libmsvcrt.a(duags01211.o)
                0x0000000000402a88                strncmp
 .text          0x0000000000402a90        0x8 C:/Mingw_64/mingw64/bin/../lib/gcc/x86_64-w64-mingw32/8.1.0/../../../../x86_64-w64-mingw32/lib/../lib/libmsvcrt.a(duags01208.o)
                0x0000000000402a90                strlen
 .text          0x0000000000402a98        0x8 C:/Mingw_64/mingw64/bin/../lib/gcc/x86_64-w64-mingw32/8.1.0/../../../../x86_64-w64-mingw32/lib/../lib/libmsvcrt.a(duags01187.o)
                0x0000000000402a98                signal
 .text          0x0000000000402aa0        0x8 C:/Mingw_64/mingw64/bin/../lib/gcc/x86_64-w64-mingw32/8.1.0/../../../../x86_64-w64-mingw32/lib/../lib/libmsvcrt.a(duags01157.o)
                0x0000000000402aa0                memcpy
 .text          0x0000000000402aa8        0x8 C:/Mingw_64/mingw64/bin/../lib/gcc/x86_64-w64-mingw32/8.1.0/../../../../x86_64-w64-mingw32/lib/../lib/libmsvcrt.a(duags01149.o)
                0x0000000000402aa8                malloc
 .text          0x0000000000402ab0        0x8 C:/Mingw_64/mingw64/bin/../lib/gcc/x86_64-w64-mingw32/8.1.0/../../../../x86_64-w64-mingw32/lib/../lib/libmsvcrt.a(duags01101.o)
                0x0000000000402ab0                fwrite
 .text          0x0000000000402ab8        0x8 C:/Mingw_64/mingw64/bin/../lib/gcc/x86_64-w64-mingw32/8.1.0/../../../../x86_64-w64-mingw32/lib/../lib/libmsvcrt.a(duags01089.o)
                0x0000000000402ab8                free
 .text          0x0000000000402ac0        0x8 C:/Mingw_64/mingw64/bin/../lib/gcc/x86_64-w64-mingw32/8.1.0/../../../../x86_64-w64-mingw32/lib/../lib/libmsvcrt.a(duags01082.o)
                0x0000000000402ac0                fprintf
 .text          0x0000000000402ac8        0x8 C:/Mingw_64/mingw64/bin/../lib/gcc/x86_64-w64-mingw32/8.1.0/../../../../x86_64-w64-mingw32/lib/../lib/libmsvcrt.a(duags01063.o)
                0x0000000000402ac8                exit
 .text          0x0000000000402ad0        0x8 C:/Mingw_64/mingw64/bin/../lib/gcc/x86_64-w64-mingw32/8.1.0/../../../../x86_64-w64-mingw32/lib/../lib/libmsvcrt.a(duags01050.o)
                0x0000000000402ad0                calloc
 .text          0x0000000000402ad8        0x8 C:/Mingw_64/mingw64/bin/../lib/gcc/x86_64-w64-mingw32/8.1.0/../../../../x86_64-w64-mingw32/lib/../lib/libmsvcrt.a(duags01032.o)
                0x0000000000402ad8                abort
 .text          0x0000000000402ae0        0x8 C:/Mingw_64/mingw64/bin/../lib/gcc/x86_64-w64-mingw32/8.1.0/../../../../x86_64-w64-mingw32/lib/../lib/libmsvcrt.a(duags00614.o)
                0x0000000000402ae0                _onexit
 .text          0x0000000000402ae8        0x8 C:/Mingw_64/mingw64/bin/../lib/gcc/x86_64-w64-mingw32/8.1.0/../../../../x86_64-w64-mingw32/lib/../lib/libmsvcrt.a(duags00332.o)
                0x0000000000402ae8                _initterm
 .text          0x0000000000402af0        0x8 C:/Mingw_64/mingw64/bin/../lib/gcc/x86_64-w64-mingw32/8.1.0/../../../../x86_64-w64-mingw32/lib/../lib/libmsvcrt.a(duags00141.o)
                0x0000000000402af0                _cexit
 .text          0x0000000000402af8        0x8 C:/Mingw_64/mingw64/bin/../lib/gcc/x86_64-w64-mingw32/8.1.0/../../../../x86_64-w64-mingw32/lib/../lib/libmsvcrt.a(duags00122.o)
                0x0000000000402af8                _amsg_exit
 .text          0x0000000000402b00        0x8 C:/Mingw_64/mingw64/bin/../lib/gcc/x86_64-w64-mingw32/8.1.0/../../../../x86_64-w64-mingw32/lib/../lib/libmsvcrt.a(duags00098.o)
                0x0000000000402b00                __setusermatherr
 .text          0x0000000000402b08        0x8 C:/Mingw_64/mingw64/bin/../lib/gcc/x86_64-w64-mingw32/8.1.0/../../../../x86_64-w64-mingw32/lib/../lib/libmsvcrt.a(duags00096.o)
                0x0000000000402b08                __set_app_type
 .text          0x0000000000402b10        0x8 C:/Mingw_64/mingw64/bin/../lib/gcc/x86_64-w64-mingw32/8.1.0/../../../../x86_64-w64-mingw32/lib/../lib/libmsvcrt.a(duags00081.o)
                0x0000000000402b10                __getmainargs
 *fill*         0x0000000000402b18        0x8 
 .text          0x0000000000402b20       0x20 C:/Mingw_64/mingw64/bin/../lib/gcc/x86_64-w64-mingw32/8.1.0/../../../../x86_64-w64-mingw32/lib/../lib/libmsvcrt.a(lib64_libmsvcrt_os_a-acrt_iob_func.o)
                0x0000000000402b20                __acrt_iob_func
 .text          0x0000000000402b40       0x20 C:/Mingw_64/mingw64/bin/../lib/gcc/x86_64-w64-mingw32/8.1.0/../../../../x86_64-w64-mingw32/lib/../lib/libmsvcrt.a(lib64_libmsvcrt_os_a-invalid_parameter_handler.o)
                0x0000000000402b40                _get_invalid_parameter_handler
                0x0000000000402b50                _set_invalid_parameter_handler
 .text          0x0000000000402b60       0x10 C:/Mingw_64/mingw64/bin/../lib/gcc/x86_64-w64-mingw32/8.1.0/../../../../x86_64-w64-mingw32/lib/../lib/libmsvcrt.a(lib64_libmsvcrt_os_a-__p__acmdln.o)
                0x0000000000402b60                __p__acmdln
 .text          0x0000000000402b70       0x10 C:/Mingw_64/mingw64/bin/../lib/gcc/x86_64-w64-mingw32/8.1.0/../../../../x86_64-w64-mingw32/lib/../lib/libmsvcrt.a(lib64_libmsvcrt_os_a-__p__fmode.o)
                0x0000000000402b70                __p__fmode
 .text          0x0000000000402b80        0x8 C:/Mingw_64/mingw64/bin/../lib/gcc/x86_64-w64-mingw32/8.1.0/../../../../x86_64-w64-mingw32/lib/../lib/libmsvcrt.a(duags00083.o)
                0x0000000000402b80                __iob_func
 *(SORT_BY_NAME(.text$*))
 *fill*         0x0000000000402b88        0x8 
 .text$_GLOBAL__sub_I_main
                0x0000000000402b90       0x20 CMakeFiles\HFSM_Windows.dir/objects.a(main.cpp.obj)
 .text$_Z41__static_initialization_and_destruction_0ii
                0x0000000000402bb0       0x30 CMakeFiles\HFSM_Windows.dir/objects.a(main.cpp.obj)
 .text$_ZN17Custom_State_BaseI13Top_State_bis16User_State_0_bis16User_State_1_bisJEE14exit_to_parentEv
                0x0000000000402be0       0x10 CMakeFiles\HFSM_Windows.dir/objects.a(main.cpp.obj)
                0x0000000000402be0                Custom_State_Base<Top_State_bis, User_State_0_bis, User_State_1_bis>::exit_to_parent()
 .text$_ZN17Custom_State_BaseI13Top_State_bis16User_State_0_bis16User_State_1_bisJEE25custom_state_base_handlerEP5Event
                0x0000000000402bf0       0x60 CMakeFiles\HFSM_Windows.dir/objects.a(main.cpp.obj)
                0x0000000000402bf0                Custom_State_Base<Top_State_bis, User_State_0_bis, User_State_1_bis>::custom_state_base_handler(Event*)
 .text$_ZN17Custom_State_BaseI13Top_State_bis16User_State_0_bis16User_State_2_bisJEE14exit_to_parentEv
                0x0000000000402c50       0x10 CMakeFiles\HFSM_Windows.dir/objects.a(main.cpp.obj)
                0x0000000000402c50                Custom_State_Base<Top_State_bis, User_State_0_bis, User_State_2_bis>::exit_to_parent()
 .text$_ZN17Custom_State_BaseI13Top_State_bis16User_State_0_bis16User_State_2_bisJEE25custom_state_base_handlerEP5Event
                0x0000000000402c60       0x70 CMakeFiles\HFSM_Windows.dir/objects.a(main.cpp.obj)
                0x0000000000402c60                Custom_State_Base<Top_State_bis, User_State_0_bis, User_State_2_bis>::custom_state_base_handler(Event*)
 .text$_ZN17Custom_State_BaseI13Top_State_bisS0_16User_State_0_bisJ16User_State_1_bis16User_State_2_bisEE14exit_to_parentEv
                0x0000000000402cd0       0x20 CMakeFiles\HFSM_Windows.dir/objects.a(main.cpp.obj)
                0x0000000000402cd0                Custom_State_Base<Top_State_bis, Top_State_bis, User_State_0_bis, User_State_1_bis, User_State_2_bis>::exit_to_parent()
 .text$_ZN17Custom_State_BaseI13Top_State_bisS0_16User_State_0_bisJ16User_State_1_bis16User_State_2_bisEE25custom_state_base_handlerEP5Event
                0x0000000000402cf0       0x70 CMakeFiles\HFSM_Windows.dir/objects.a(main.cpp.obj)
                0x0000000000402cf0                Custom_State_Base<Top_State_bis, Top_State_bis, User_State_0_bis, User_State_1_bis, User_State_2_bis>::custom_state_base_handler(Event*)
 .text$_ZN5StateI13Top_State_bis14Top_State_BaseIS0_J16User_State_0_bisEEJS2_EE26pass_hfsm_ptr_to_substatesILi0EEEvP9HFSM_BaseIS0_ESt17integral_constantIiXT_EE
                0x0000000000402d60       0x20 CMakeFiles\HFSM_Windows.dir/objects.a(main.cpp.obj)
                0x0000000000402d60                void State<Top_State_bis, Top_State_Base<Top_State_bis, User_State_0_bis>, User_State_0_bis>::pass_hfsm_ptr_to_substates<0>(HFSM_Base<Top_State_bis>*, std::integral_constant<int, 0>)
 .text$_ZN5StateI13Top_State_bis14Top_State_BaseIS0_J16User_State_0_bisEEJS2_EED2Ev
                0x0000000000402d80       0xa0 CMakeFiles\HFSM_Windows.dir/objects.a(main.cpp.obj)
                0x0000000000402d80                State<Top_State_bis, Top_State_Base<Top_State_bis, User_State_0_bis>, User_State_0_bis>::~State()
 .text$_ZN5StateI13Top_State_bis17Custom_State_BaseIS0_S0_16User_State_0_bisJ16User_State_1_bis16User_State_2_bisEEJS3_S4_EE26pass_hfsm_ptr_to_substatesILi0EEEvP9HFSM_BaseIS0_ESt17integral_constantIiXT_EE
                0x0000000000402e20       0x20 CMakeFiles\HFSM_Windows.dir/objects.a(main.cpp.obj)
                0x0000000000402e20                void State<Top_State_bis, Custom_State_Base<Top_State_bis, Top_State_bis, User_State_0_bis, User_State_1_bis, User_State_2_bis>, User_State_1_bis, User_State_2_bis>::pass_hfsm_ptr_to_substates<0>(HFSM_Base<Top_State_bis>*, std::integral_constant<int, 0>)
 .text$_ZN5StateI13Top_State_bis17Custom_State_BaseIS0_S0_16User_State_0_bisJ16User_State_1_bis16User_State_2_bisEEJS3_S4_EE26pass_hfsm_ptr_to_substatesILi1EEEvP9HFSM_BaseIS0_ESt17integral_constantIiXT_EE
                0x0000000000402e40       0x10 CMakeFiles\HFSM_Windows.dir/objects.a(main.cpp.obj)
                0x0000000000402e40                void State<Top_State_bis, Custom_State_Base<Top_State_bis, Top_State_bis, User_State_0_bis, User_State_1_bis, User_State_2_bis>, User_State_1_bis, User_State_2_bis>::pass_hfsm_ptr_to_substates<1>(HFSM_Base<Top_State_bis>*, std::integral_constant<int, 1>)
 .text$_ZNKSt8functionIF15Handling_ResultP5EventEEclES2_
                0x0000000000402e50       0x30 CMakeFiles\HFSM_Windows.dir/objects.a(main.cpp.obj)
                0x0000000000402e50                std::function<Handling_Result (Event*)>::operator()(Event*) const
 .text$_ZNSs12_S_constructIPKcEEPcT_S3_RKSaIcESt20forward_iterator_tag
                0x0000000000402e80       0x80 CMakeFiles\HFSM_Windows.dir/objects.a(main.cpp.obj)
                0x0000000000402e80                char* std::string::_S_construct<char const*>(char const*, char const*, std::allocator<char> const&, std::forward_iterator_tag)
 .text$_ZNSs4_Rep10_M_destroyERKSaIcE
                0x0000000000402f00       0x10 CMakeFiles\HFSM_Windows.dir/objects.a(main.cpp.obj)
                0x0000000000402f00                std::string::_Rep::_M_destroy(std::allocator<char> const&)
 .text$_ZNSs4_Rep9_S_createEyyRKSaIcE
                0x0000000000402f10       0x90 CMakeFiles\HFSM_Windows.dir/objects.a(main.cpp.obj)
                0x0000000000402f10                std::string::_Rep::_S_create(unsigned long long, unsigned long long, std::allocator<char> const&)
 .text$_ZNSsC1EPKcRKSaIcE
                0x0000000000402fa0       0x50 CMakeFiles\HFSM_Windows.dir/objects.a(main.cpp.obj)
                0x0000000000402fa0                std::basic_string<char, std::char_traits<char>, std::allocator<char> >::basic_string(char const*, std::allocator<char> const&)
 .text$_ZNSt14_Function_base13_Base_managerIN5StateI13Top_State_bis14Top_State_BaseIS2_J16User_State_0_bisEEJS4_EE13state_handlerMUlP5EventE_EE10_M_managerERSt9_Any_dataRKSB_St18_Manager_operation
                0x0000000000402ff0       0x20 CMakeFiles\HFSM_Windows.dir/objects.a(main.cpp.obj)
                0x0000000000402ff0                std::_Function_base::_Base_manager<State<Top_State_bis, Top_State_Base<Top_State_bis, User_State_0_bis>, User_State_0_bis>::state_handler::{lambda(Event*)#1}>::_M_manager(std::_Any_data&, State<Top_State_bis, Top_State_Base<Top_State_bis, User_State_0_bis>, User_State_0_bis>::state_handler::{lambda(Event*)#1} const&, std::_Manager_operation)
 .text$_ZNSt14_Function_base13_Base_managerIN5StateI13Top_State_bis17Custom_State_BaseIS2_16User_State_0_bis16User_State_1_bisJEEJEE13state_handlerMUlP5EventE_EE10_M_managerERSt9_Any_dataRKSC_St18_Manager_operation
                0x0000000000403010       0x20 CMakeFiles\HFSM_Windows.dir/objects.a(main.cpp.obj)
                0x0000000000403010                std::_Function_base::_Base_manager<State<Top_State_bis, Custom_State_Base<Top_State_bis, User_State_0_bis, User_State_1_bis>>::state_handler::{lambda(Event*)#1}>::_M_manager(std::_Any_data&, State<Top_State_bis, Custom_State_Base<Top_State_bis, User_State_0_bis, User_State_1_bis>>::state_handler::{lambda(Event*)#1} const&, std::_Manager_operation)
 .text$_ZNSt14_Function_base13_Base_managerIN5StateI13Top_State_bis17Custom_State_BaseIS2_16User_State_0_bis16User_State_2_bisJEEJEE13state_handlerMUlP5EventE_EE10_M_managerERSt9_Any_dataRKSC_St18_Manager_operation
                0x0000000000403030       0x20 CMakeFiles\HFSM_Windows.dir/objects.a(main.cpp.obj)
                0x0000000000403030                std::_Function_base::_Base_manager<State<Top_State_bis, Custom_State_Base<Top_State_bis, User_State_0_bis, User_State_2_bis>>::state_handler::{lambda(Event*)#1}>::_M_manager(std::_Any_data&, State<Top_State_bis, Custom_State_Base<Top_State_bis, User_State_0_bis, User_State_2_bis>>::state_handler::{lambda(Event*)#1} const&, std::_Manager_operation)
 .text$_ZNSt14_Function_base13_Base_managerIN5StateI13Top_State_bis17Custom_State_BaseIS2_S2_16User_State_0_bisJ16User_State_1_bis16User_State_2_bisEEJS5_S6_EE13state_handlerMUlP5EventE_EE10_M_managerERSt9_Any_dataRKSD_St18_Manager_operation
                0x0000000000403050       0x20 CMakeFiles\HFSM_Windows.dir/objects.a(main.cpp.obj)
                0x0000000000403050                std::_Function_base::_Base_manager<State<Top_State_bis, Custom_State_Base<Top_State_bis, Top_State_bis, User_State_0_bis, User_State_1_bis, User_State_2_bis>, User_State_1_bis, User_State_2_bis>::state_handler::{lambda(Event*)#1}>::_M_manager(std::_Any_data&, State<Top_State_bis, Custom_State_Base<Top_State_bis, Top_State_bis, User_State_0_bis, User_State_1_bis, User_State_2_bis>, User_State_1_bis, User_State_2_bis>::state_handler::{lambda(Event*)#1} const&, std::_Manager_operation)
 .text$_ZNSt17_Function_handlerIF15Handling_ResultP5EventEN5StateI13Top_State_bis14Top_State_BaseIS5_J16User_State_0_bisEEJS7_EE13state_handlerMUlS2_E_EE9_M_invokeERKSt9_Any_dataOS2_
                0x0000000000403070       0x10 CMakeFiles\HFSM_Windows.dir/objects.a(main.cpp.obj)
                0x0000000000403070                std::_Function_handler<Handling_Result (Event*), State<Top_State_bis, Top_State_Base<Top_State_bis, User_State_0_bis>, User_State_0_bis>::state_handler::{lambda(Event*)#1}>::_M_invoke(std::_Any_data const&, Event*&&)
 .text$_ZNSt17_Function_handlerIF15Handling_ResultP5EventEN5StateI13Top_State_bis17Custom_State_BaseIS5_16User_State_0_bis16User_State_1_bisJEEJEE13state_handlerMUlS2_E_EE9_M_invokeERKSt9_Any_dataOS2_
                0x0000000000403080       0x20 CMakeFiles\HFSM_Windows.dir/objects.a(main.cpp.obj)
                0x0000000000403080                std::_Function_handler<Handling_Result (Event*), State<Top_State_bis, Custom_State_Base<Top_State_bis, User_State_0_bis, User_State_1_bis>>::state_handler::{lambda(Event*)#1}>::_M_invoke(std::_Any_data const&, Event*&&)
 .text$_ZNSt17_Function_handlerIF15Handling_ResultP5EventEN5StateI13Top_State_bis17Custom_State_BaseIS5_16User_State_0_bis16User_State_2_bisJEEJEE13state_handlerMUlS2_E_EE9_M_invokeERKSt9_Any_dataOS2_
                0x00000000004030a0       0x20 CMakeFiles\HFSM_Windows.dir/objects.a(main.cpp.obj)
                0x00000000004030a0                std::_Function_handler<Handling_Result (Event*), State<Top_State_bis, Custom_State_Base<Top_State_bis, User_State_0_bis, User_State_2_bis>>::state_handler::{lambda(Event*)#1}>::_M_invoke(std::_Any_data const&, Event*&&)
 .text$_ZNSt17_Function_handlerIF15Handling_ResultP5EventEN5StateI13Top_State_bis17Custom_State_BaseIS5_S5_16User_State_0_bisJ16User_State_1_bis16User_State_2_bisEEJS8_S9_EE13state_handlerMUlS2_E_EE9_M_invokeERKSt9_Any_dataOS2_
                0x00000000004030c0       0x20 CMakeFiles\HFSM_Windows.dir/objects.a(main.cpp.obj)
                0x00000000004030c0                std::_Function_handler<Handling_Result (Event*), State<Top_State_bis, Custom_State_Base<Top_State_bis, Top_State_bis, User_State_0_bis, User_State_1_bis, User_State_2_bis>, User_State_1_bis, User_State_2_bis>::state_handler::{lambda(Event*)#1}>::_M_invoke(std::_Any_data const&, Event*&&)
 .text$_ZNSt8functionIF15Handling_ResultP5EventEEC1IN5StateI13Top_State_bis14Top_State_BaseIS7_J16User_State_0_bisEEJS9_EE13state_handlerMUlS2_E_EvvEET_
                0x00000000004030e0       0x20 CMakeFiles\HFSM_Windows.dir/objects.a(main.cpp.obj)
                0x00000000004030e0                std::function<Handling_Result (Event*)>::function<State<Top_State_bis, Top_State_Base<Top_State_bis, User_State_0_bis>, User_State_0_bis>::state_handler::{lambda(Event*)#1}, void, void>(State<Top_State_bis, Top_State_Base<Top_State_bis, User_State_0_bis>, User_State_0_bis>::state_handler::{lambda(Event*)#1})
 .text$_ZNSt8functionIF15Handling_ResultP5EventEEC1IN5StateI13Top_State_bis17Custom_State_BaseIS7_16User_State_0_bis16User_State_1_bisJEEJEE13state_handlerMUlS2_E_EvvEET_
                0x0000000000403100       0x20 CMakeFiles\HFSM_Windows.dir/objects.a(main.cpp.obj)
                0x0000000000403100                std::function<Handling_Result (Event*)>::function<State<Top_State_bis, Custom_State_Base<Top_State_bis, User_State_0_bis, User_State_1_bis>>::state_handler::{lambda(Event*)#1}, void, void>(State<Top_State_bis, Custom_State_Base<Top_State_bis, User_State_0_bis, User_State_1_bis>>::state_handler::{lambda(Event*)#1})
 .text$_ZNSt8functionIF15Handling_ResultP5EventEEC1IN5StateI13Top_State_bis17Custom_State_BaseIS7_16User_State_0_bis16User_State_2_bisJEEJEE13state_handlerMUlS2_E_EvvEET_
                0x0000000000403120       0x20 CMakeFiles\HFSM_Windows.dir/objects.a(main.cpp.obj)
                0x0000000000403120                std::function<Handling_Result (Event*)>::function<State<Top_State_bis, Custom_State_Base<Top_State_bis, User_State_0_bis, User_State_2_bis>>::state_handler::{lambda(Event*)#1}, void, void>(State<Top_State_bis, Custom_State_Base<Top_State_bis, User_State_0_bis, User_State_2_bis>>::state_handler::{lambda(Event*)#1})
 .text$_ZNSt8functionIF15Handling_ResultP5EventEEC1IN5StateI13Top_State_bis17Custom_State_BaseIS7_S7_16User_State_0_bisJ16User_State_1_bis16User_State_2_bisEEJSA_SB_EE13state_handlerMUlS2_E_EvvEET_
                0x0000000000403140       0x20 CMakeFiles\HFSM_Windows.dir/objects.a(main.cpp.obj)
                0x0000000000403140                std::function<Handling_Result (Event*)>::function<State<Top_State_bis, Custom_State_Base<Top_State_bis, Top_State_bis, User_State_0_bis, User_State_1_bis, User_State_2_bis>, User_State_1_bis, User_State_2_bis>::state_handler::{lambda(Event*)#1}, void, void>(State<Top_State_bis, Custom_State_Base<Top_State_bis, Top_State_bis, User_State_0_bis, User_State_1_bis, User_State_2_bis>, User_State_1_bis, User_State_2_bis>::state_handler::{lambda(Event*)#1})
 .text$__tcf_0  0x0000000000403160       0x20 CMakeFiles\HFSM_Windows.dir/objects.a(main.cpp.obj)
 .text$main     0x0000000000403180      0x160 CMakeFiles\HFSM_Windows.dir/objects.a(main.cpp.obj)
                0x0000000000403180                main
 *(.text.*)
 .text.unlikely
                0x00000000004032e0       0x70 C:/Mingw_64/mingw64/bin/../lib/gcc/x86_64-w64-mingw32/8.1.0/../../../../x86_64-w64-mingw32/lib/../lib/libmingw32.a(lib64_libmingw32_a-pseudo-reloc.o)
 .text.startup  0x0000000000403350       0x10 C:/Mingw_64/mingw64/bin/../lib/gcc/x86_64-w64-mingw32/8.1.0/crtend.o
 *(.gnu.linkonce.t.*)
 *(.glue_7t)
 *(.glue_7)
                0x0000000000403360                . = ALIGN (0x8)
                0x0000000000403360                ___CTOR_LIST__ = .
                0x0000000000403360                __CTOR_LIST__ = .
                0x0000000000403360        0x4 LONG 0xffffffffffffffff
                0x0000000000403364        0x4 LONG 0xffffffffffffffff
 *(.ctors)
 .ctors         0x0000000000403368        0x8 CMakeFiles\HFSM_Windows.dir/objects.a(main.cpp.obj)
 *(.ctor)
 *(SORT_BY_NAME(.ctors.*))
 .ctors.65535   0x0000000000403370        0x8 C:/Mingw_64/mingw64/bin/../lib/gcc/x86_64-w64-mingw32/8.1.0/crtend.o
                0x0000000000403378        0x4 LONG 0x0
                0x000000000040337c        0x4 LONG 0x0
                0x0000000000403380                ___DTOR_LIST__ = .
                0x0000000000403380                __DTOR_LIST__ = .
                0x0000000000403380        0x4 LONG 0xffffffffffffffff
                0x0000000000403384        0x4 LONG 0xffffffffffffffff
 *(.dtors)
 *(.dtor)
 *(SORT_BY_NAME(.dtors.*))
                0x0000000000403388        0x4 LONG 0x0
                0x000000000040338c        0x4 LONG 0x0
 *(.fini)
 *(.gcc_exc)
                [!provide]                        PROVIDE (etext = .)
 *(.gcc_except_table)

.data           0x0000000000404000      0x200
                0x0000000000404000                __data_start__ = .
 *(.data)
 .data          0x0000000000404000       0x10 C:/Mingw_64/mingw64/bin/../lib/gcc/x86_64-w64-mingw32/8.1.0/../../../../x86_64-w64-mingw32/lib/../lib/crt2.o
                0x0000000000404000                __mingw_winmain_nShowCmd
 .data          0x0000000000404010       0x10 C:/Mingw_64/mingw64/bin/../lib/gcc/x86_64-w64-mingw32/8.1.0/../../../../x86_64-w64-mingw32/lib/../lib/libmingw32.a(lib64_libmingw32_a-gccmain.o)
 .data          0x0000000000404020       0x10 C:/Mingw_64/mingw64/bin/../lib/gcc/x86_64-w64-mingw32/8.1.0/../../../../x86_64-w64-mingw32/lib/../lib/libmingw32.a(lib64_libmingw32_a-wildcard.o)
                0x0000000000404020                _dowildcard
 .data          0x0000000000404030       0x10 C:/Mingw_64/mingw64/bin/../lib/gcc/x86_64-w64-mingw32/8.1.0/../../../../x86_64-w64-mingw32/lib/../lib/libmingw32.a(lib64_libmingw32_a-tlsmcrt.o)
                0x0000000000404030                _CRT_MT
 .data          0x0000000000404040       0x10 C:/Mingw_64/mingw64/bin/../lib/gcc/x86_64-w64-mingw32/8.1.0/../../../../x86_64-w64-mingw32/lib/../lib/libmingwex.a(lib64_libmingwex_a-mingw_matherr.o)
                0x0000000000404040                _MINGW_INSTALL_DEBUG_MATHERR
 *(.data2)
 *(SORT_BY_NAME(.data$*))
 .data$_ZStL8__ioinit
                0x0000000000404050       0x10 CMakeFiles\HFSM_Windows.dir/objects.a(main.cpp.obj)
 .data$__security_cookie
                0x0000000000404060       0x10 C:/Mingw_64/mingw64/bin/../lib/gcc/x86_64-w64-mingw32/8.1.0/../../../../x86_64-w64-mingw32/lib/../lib/libmingw32.a(lib64_libmingw32_a-gs_support.o)
                0x0000000000404060                __security_cookie
 .data$__security_cookie_complement
                0x0000000000404070       0x10 C:/Mingw_64/mingw64/bin/../lib/gcc/x86_64-w64-mingw32/8.1.0/../../../../x86_64-w64-mingw32/lib/../lib/libmingw32.a(lib64_libmingw32_a-gs_support.o)
                0x0000000000404070                __security_cookie_complement
 *(.jcr)
                0x0000000000404080                __data_end__ = .
 *(.data_cygwin_nocopy)

.rdata          0x0000000000405000      0x600
 *(.rdata)
 .rdata         0x0000000000405000      0x110 CMakeFiles\HFSM_Windows.dir/objects.a(main.cpp.obj)
 .rdata         0x0000000000405110       0x10 C:/Mingw_64/mingw64/bin/../lib/gcc/x86_64-w64-mingw32/8.1.0/../../../../x86_64-w64-mingw32/lib/../lib/libmingw32.a(lib64_libmingw32_a-gs_support.o)
 .rdata         0x0000000000405120       0x60 C:/Mingw_64/mingw64/bin/../lib/gcc/x86_64-w64-mingw32/8.1.0/../../../../x86_64-w64-mingw32/lib/../lib/libmingw32.a(lib64_libmingw32_a-tlssup.o)
                0x0000000000405120                __dyn_tls_init_callback
                0x0000000000405140                _tls_used
 .rdata         0x0000000000405180      0x140 C:/Mingw_64/mingw64/bin/../lib/gcc/x86_64-w64-mingw32/8.1.0/../../../../x86_64-w64-mingw32/lib/../lib/libmingw32.a(lib64_libmingw32_a-merr.o)
 .rdata         0x00000000004052c0      0x110 C:/Mingw_64/mingw64/bin/../lib/gcc/x86_64-w64-mingw32/8.1.0/../../../../x86_64-w64-mingw32/lib/../lib/libmingw32.a(lib64_libmingw32_a-pseudo-reloc.o)
 .rdata         0x00000000004053d0       0x10 C:/Mingw_64/mingw64/bin/../lib/gcc/x86_64-w64-mingw32/8.1.0/../../../../x86_64-w64-mingw32/lib/../lib/libmingw32.a(lib64_libmingw32_a-crt_handler.o)
 *(SORT_BY_NAME(.rdata$*))
 .rdata$.refptr._CRT_MT
                0x00000000004053e0       0x10 C:/Mingw_64/mingw64/bin/../lib/gcc/x86_64-w64-mingw32/8.1.0/../../../../x86_64-w64-mingw32/lib/../lib/libmingw32.a(lib64_libmingw32_a-tlssup.o)
                0x00000000004053e0                .refptr._CRT_MT
 .rdata$.refptr._MINGW_INSTALL_DEBUG_MATHERR
                0x00000000004053f0       0x10 C:/Mingw_64/mingw64/bin/../lib/gcc/x86_64-w64-mingw32/8.1.0/../../../../x86_64-w64-mingw32/lib/../lib/crt2.o
                0x00000000004053f0                .refptr._MINGW_INSTALL_DEBUG_MATHERR
 .rdata$.refptr._ZSt4cout
                0x0000000000405400       0x10 CMakeFiles\HFSM_Windows.dir/objects.a(main.cpp.obj)
                0x0000000000405400                __fu0__ZSt4cout
                0x0000000000405400                .refptr._ZSt4cout
 .rdata$.refptr.__CTOR_LIST__
                0x0000000000405410       0x10 C:/Mingw_64/mingw64/bin/../lib/gcc/x86_64-w64-mingw32/8.1.0/../../../../x86_64-w64-mingw32/lib/../lib/libmingw32.a(lib64_libmingw32_a-gccmain.o)
                0x0000000000405410                .refptr.__CTOR_LIST__
 .rdata$.refptr.__RUNTIME_PSEUDO_RELOC_LIST_END__
                0x0000000000405420       0x10 C:/Mingw_64/mingw64/bin/../lib/gcc/x86_64-w64-mingw32/8.1.0/../../../../x86_64-w64-mingw32/lib/../lib/libmingw32.a(lib64_libmingw32_a-pseudo-reloc.o)
                0x0000000000405420                .refptr.__RUNTIME_PSEUDO_RELOC_LIST_END__
 .rdata$.refptr.__RUNTIME_PSEUDO_RELOC_LIST__
                0x0000000000405430       0x10 C:/Mingw_64/mingw64/bin/../lib/gcc/x86_64-w64-mingw32/8.1.0/../../../../x86_64-w64-mingw32/lib/../lib/libmingw32.a(lib64_libmingw32_a-pseudo-reloc.o)
                0x0000000000405430                .refptr.__RUNTIME_PSEUDO_RELOC_LIST__
 .rdata$.refptr.__dyn_tls_init_callback
                0x0000000000405440       0x10 C:/Mingw_64/mingw64/bin/../lib/gcc/x86_64-w64-mingw32/8.1.0/../../../../x86_64-w64-mingw32/lib/../lib/crt2.o
                0x0000000000405440                .refptr.__dyn_tls_init_callback
 .rdata$.refptr.__image_base__
                0x0000000000405450       0x10 C:/Mingw_64/mingw64/bin/../lib/gcc/x86_64-w64-mingw32/8.1.0/../../../../x86_64-w64-mingw32/lib/../lib/crt2.o
                0x0000000000405450                .refptr.__image_base__
 .rdata$.refptr.__imp___initenv
                0x0000000000405460       0x10 C:/Mingw_64/mingw64/bin/../lib/gcc/x86_64-w64-mingw32/8.1.0/../../../../x86_64-w64-mingw32/lib/../lib/crt2.o
                0x0000000000405460                .refptr.__imp___initenv
 .rdata$.refptr.__imp__acmdln
                0x0000000000405470       0x10 C:/Mingw_64/mingw64/bin/../lib/gcc/x86_64-w64-mingw32/8.1.0/../../../../x86_64-w64-mingw32/lib/../lib/libmsvcrt.a(lib64_libmsvcrt_os_a-__p__acmdln.o)
                0x0000000000405470                .refptr.__imp__acmdln
 .rdata$.refptr.__imp__fmode
                0x0000000000405480       0x10 C:/Mingw_64/mingw64/bin/../lib/gcc/x86_64-w64-mingw32/8.1.0/../../../../x86_64-w64-mingw32/lib/../lib/libmsvcrt.a(lib64_libmsvcrt_os_a-__p__fmode.o)
                0x0000000000405480                .refptr.__imp__fmode
 .rdata$.refptr.__mingw_oldexcpt_handler
                0x0000000000405490       0x10 C:/Mingw_64/mingw64/bin/../lib/gcc/x86_64-w64-mingw32/8.1.0/../../../../x86_64-w64-mingw32/lib/../lib/crt2.o
                0x0000000000405490                .refptr.__mingw_oldexcpt_handler
 .rdata$.refptr.__native_startup_lock
                0x00000000004054a0       0x10 C:/Mingw_64/mingw64/bin/../lib/gcc/x86_64-w64-mingw32/8.1.0/../../../../x86_64-w64-mingw32/lib/../lib/crt2.o
                0x00000000004054a0                .refptr.__native_startup_lock
 .rdata$.refptr.__native_startup_state
                0x00000000004054b0       0x10 C:/Mingw_64/mingw64/bin/../lib/gcc/x86_64-w64-mingw32/8.1.0/../../../../x86_64-w64-mingw32/lib/../lib/crt2.o
                0x00000000004054b0                .refptr.__native_startup_state
 .rdata$.refptr.__xc_a
                0x00000000004054c0       0x10 C:/Mingw_64/mingw64/bin/../lib/gcc/x86_64-w64-mingw32/8.1.0/../../../../x86_64-w64-mingw32/lib/../lib/crt2.o
                0x00000000004054c0                .refptr.__xc_a
 .rdata$.refptr.__xc_z
                0x00000000004054d0       0x10 C:/Mingw_64/mingw64/bin/../lib/gcc/x86_64-w64-mingw32/8.1.0/../../../../x86_64-w64-mingw32/lib/../lib/crt2.o
                0x00000000004054d0                .refptr.__xc_z
 .rdata$.refptr.__xi_a
                0x00000000004054e0       0x10 C:/Mingw_64/mingw64/bin/../lib/gcc/x86_64-w64-mingw32/8.1.0/../../../../x86_64-w64-mingw32/lib/../lib/crt2.o
                0x00000000004054e0                .refptr.__xi_a
 .rdata$.refptr.__xi_z
                0x00000000004054f0       0x10 C:/Mingw_64/mingw64/bin/../lib/gcc/x86_64-w64-mingw32/8.1.0/../../../../x86_64-w64-mingw32/lib/../lib/crt2.o
                0x00000000004054f0                .refptr.__xi_z
 .rdata$.refptr._dowildcard
                0x0000000000405500       0x10 C:/Mingw_64/mingw64/bin/../lib/gcc/x86_64-w64-mingw32/8.1.0/../../../../x86_64-w64-mingw32/lib/../lib/crt2.o
                0x0000000000405500                .refptr._dowildcard
 .rdata$.refptr._fmode
                0x0000000000405510       0x10 C:/Mingw_64/mingw64/bin/../lib/gcc/x86_64-w64-mingw32/8.1.0/../../../../x86_64-w64-mingw32/lib/../lib/crt2.o
                0x0000000000405510                .refptr._fmode
 .rdata$.refptr._newmode
                0x0000000000405520       0x10 C:/Mingw_64/mingw64/bin/../lib/gcc/x86_64-w64-mingw32/8.1.0/../../../../x86_64-w64-mingw32/lib/../lib/crt2.o
                0x0000000000405520                .refptr._newmode
 .rdata$.refptr.mingw_app_type
                0x0000000000405530       0x10 C:/Mingw_64/mingw64/bin/../lib/gcc/x86_64-w64-mingw32/8.1.0/../../../../x86_64-w64-mingw32/lib/../lib/crt2.o
                0x0000000000405530                .refptr.mingw_app_type
 .rdata$.refptr.mingw_initcharmax
                0x0000000000405540       0x10 C:/Mingw_64/mingw64/bin/../lib/gcc/x86_64-w64-mingw32/8.1.0/../../../../x86_64-w64-mingw32/lib/../lib/crt2.o
                0x0000000000405540                .refptr.mingw_initcharmax
 .rdata$.refptr.mingw_initltsdrot_force
                0x0000000000405550       0x10 C:/Mingw_64/mingw64/bin/../lib/gcc/x86_64-w64-mingw32/8.1.0/../../../../x86_64-w64-mingw32/lib/../lib/crt2.o
                0x0000000000405550                .refptr.mingw_initltsdrot_force
 .rdata$.refptr.mingw_initltsdyn_force
                0x0000000000405560       0x10 C:/Mingw_64/mingw64/bin/../lib/gcc/x86_64-w64-mingw32/8.1.0/../../../../x86_64-w64-mingw32/lib/../lib/crt2.o
                0x0000000000405560                .refptr.mingw_initltsdyn_force
 .rdata$.refptr.mingw_initltssuo_force
                0x0000000000405570       0x10 C:/Mingw_64/mingw64/bin/../lib/gcc/x86_64-w64-mingw32/8.1.0/../../../../x86_64-w64-mingw32/lib/../lib/crt2.o
                0x0000000000405570                .refptr.mingw_initltssuo_force
                0x0000000000405580                __rt_psrelocs_start = .
 *(.rdata_runtime_pseudo_reloc)
 .rdata_runtime_pseudo_reloc
                0x0000000000405580       0x18 rtr000000.o
                0x0000000000405598                __rt_psrelocs_end = .
                0x0000000000000018                __rt_psrelocs_size = (__rt_psrelocs_end - __rt_psrelocs_start)
                0x0000000000405598                ___RUNTIME_PSEUDO_RELOC_LIST_END__ = .
                0x0000000000405598                __RUNTIME_PSEUDO_RELOC_LIST_END__ = .
                0x0000000000405580                ___RUNTIME_PSEUDO_RELOC_LIST__ = (. - __rt_psrelocs_size)
                0x0000000000405580                __RUNTIME_PSEUDO_RELOC_LIST__ = (. - __rt_psrelocs_size)

.eh_frame
 *(.eh_frame*)

.pdata          0x0000000000406000      0x400
 *(.pdata*)
 .pdata         0x0000000000406000       0x54 C:/Mingw_64/mingw64/bin/../lib/gcc/x86_64-w64-mingw32/8.1.0/../../../../x86_64-w64-mingw32/lib/../lib/crt2.o
 .pdata         0x0000000000406054       0x18 C:/Mingw_64/mingw64/bin/../lib/gcc/x86_64-w64-mingw32/8.1.0/crtbegin.o
 .pdata$_ZNSt14_Function_base13_Base_managerIN5StateI13Top_State_bis17Custom_State_BaseIS2_16User_State_0_bis16User_State_2_bisJEEJEE13state_handlerMUlP5EventE_EE10_M_managerERSt9_Any_dataRKSC_St18_Manager_operation
                0x000000000040606c        0xc CMakeFiles\HFSM_Windows.dir/objects.a(main.cpp.obj)
 .pdata$_ZNSt14_Function_base13_Base_managerIN5StateI13Top_State_bis17Custom_State_BaseIS2_16User_State_0_bis16User_State_1_bisJEEJEE13state_handlerMUlP5EventE_EE10_M_managerERSt9_Any_dataRKSC_St18_Manager_operation
                0x0000000000406078        0xc CMakeFiles\HFSM_Windows.dir/objects.a(main.cpp.obj)
 .pdata$_ZNSt14_Function_base13_Base_managerIN5StateI13Top_State_bis17Custom_State_BaseIS2_S2_16User_State_0_bisJ16User_State_1_bis16User_State_2_bisEEJS5_S6_EE13state_handlerMUlP5EventE_EE10_M_managerERSt9_Any_dataRKSD_St18_Manager_operation
                0x0000000000406084        0xc CMakeFiles\HFSM_Windows.dir/objects.a(main.cpp.obj)
 .pdata$_ZNSt17_Function_handlerIF15Handling_ResultP5EventEN5StateI13Top_State_bis14Top_State_BaseIS5_J16User_State_0_bisEEJS7_EE13state_handlerMUlS2_E_EE9_M_invokeERKSt9_Any_dataOS2_
                0x0000000000406090        0xc CMakeFiles\HFSM_Windows.dir/objects.a(main.cpp.obj)
 .pdata$_ZNSt14_Function_base13_Base_managerIN5StateI13Top_State_bis14Top_State_BaseIS2_J16User_State_0_bisEEJS4_EE13state_handlerMUlP5EventE_EE10_M_managerERSt9_Any_dataRKSB_St18_Manager_operation
                0x000000000040609c        0xc CMakeFiles\HFSM_Windows.dir/objects.a(main.cpp.obj)
 .pdata$_Z41__static_initialization_and_destruction_0ii
                0x00000000004060a8        0xc CMakeFiles\HFSM_Windows.dir/objects.a(main.cpp.obj)
 .pdata$__tcf_0
                0x00000000004060b4        0xc CMakeFiles\HFSM_Windows.dir/objects.a(main.cpp.obj)
 .pdata$_ZNKSt8functionIF15Handling_ResultP5EventEEclES2_
                0x00000000004060c0        0xc CMakeFiles\HFSM_Windows.dir/objects.a(main.cpp.obj)
 .pdata$_ZNSs4_Rep10_M_destroyERKSaIcE
                0x00000000004060cc        0xc CMakeFiles\HFSM_Windows.dir/objects.a(main.cpp.obj)
 .pdata$_ZN5StateI13Top_State_bis14Top_State_BaseIS0_J16User_State_0_bisEEJS2_EED2Ev
                0x00000000004060d8        0xc CMakeFiles\HFSM_Windows.dir/objects.a(main.cpp.obj)
 .pdata$_ZNSt8functionIF15Handling_ResultP5EventEEC1IN5StateI13Top_State_bis17Custom_State_BaseIS7_16User_State_0_bis16User_State_2_bisJEEJEE13state_handlerMUlS2_E_EvvEET_
                0x00000000004060e4        0xc CMakeFiles\HFSM_Windows.dir/objects.a(main.cpp.obj)
 .pdata$_ZNSt8functionIF15Handling_ResultP5EventEEC1IN5StateI13Top_State_bis17Custom_State_BaseIS7_16User_State_0_bis16User_State_1_bisJEEJEE13state_handlerMUlS2_E_EvvEET_
                0x00000000004060f0        0xc CMakeFiles\HFSM_Windows.dir/objects.a(main.cpp.obj)
 .pdata$_ZNSt8functionIF15Handling_ResultP5EventEEC1IN5StateI13Top_State_bis17Custom_State_BaseIS7_S7_16User_State_0_bisJ16User_State_1_bis16User_State_2_bisEEJSA_SB_EE13state_handlerMUlS2_E_EvvEET_
                0x00000000004060fc        0xc CMakeFiles\HFSM_Windows.dir/objects.a(main.cpp.obj)
 .pdata$_ZNSt8functionIF15Handling_ResultP5EventEEC1IN5StateI13Top_State_bis14Top_State_BaseIS7_J16User_State_0_bisEEJS9_EE13state_handlerMUlS2_E_EvvEET_
                0x0000000000406108        0xc CMakeFiles\HFSM_Windows.dir/objects.a(main.cpp.obj)
 .pdata$_ZNSs4_Rep9_S_createEyyRKSaIcE
                0x0000000000406114        0xc CMakeFiles\HFSM_Windows.dir/objects.a(main.cpp.obj)
 .pdata$_ZNSs12_S_constructIPKcEEPcT_S3_RKSaIcESt20forward_iterator_tag
                0x0000000000406120        0xc CMakeFiles\HFSM_Windows.dir/objects.a(main.cpp.obj)
 .pdata$_ZNSsC1EPKcRKSaIcE
                0x000000000040612c        0xc CMakeFiles\HFSM_Windows.dir/objects.a(main.cpp.obj)
 .pdata$_ZN17Custom_State_BaseI13Top_State_bis16User_State_0_bis16User_State_2_bisJEE14exit_to_parentEv
                0x0000000000406138        0xc CMakeFiles\HFSM_Windows.dir/objects.a(main.cpp.obj)
 .pdata$_ZN17Custom_State_BaseI13Top_State_bis16User_State_0_bis16User_State_2_bisJEE25custom_state_base_handlerEP5Event
                0x0000000000406144        0xc CMakeFiles\HFSM_Windows.dir/objects.a(main.cpp.obj)
 .pdata$_ZNSt17_Function_handlerIF15Handling_ResultP5EventEN5StateI13Top_State_bis17Custom_State_BaseIS5_16User_State_0_bis16User_State_2_bisJEEJEE13state_handlerMUlS2_E_EE9_M_invokeERKSt9_Any_dataOS2_
                0x0000000000406150        0xc CMakeFiles\HFSM_Windows.dir/objects.a(main.cpp.obj)
 .pdata$_ZN17Custom_State_BaseI13Top_State_bis16User_State_0_bis16User_State_1_bisJEE14exit_to_parentEv
                0x000000000040615c        0xc CMakeFiles\HFSM_Windows.dir/objects.a(main.cpp.obj)
 .pdata$_ZN17Custom_State_BaseI13Top_State_bis16User_State_0_bis16User_State_1_bisJEE25custom_state_base_handlerEP5Event
                0x0000000000406168        0xc CMakeFiles\HFSM_Windows.dir/objects.a(main.cpp.obj)
 .pdata$_ZNSt17_Function_handlerIF15Handling_ResultP5EventEN5StateI13Top_State_bis17Custom_State_BaseIS5_16User_State_0_bis16User_State_1_bisJEEJEE13state_handlerMUlS2_E_EE9_M_invokeERKSt9_Any_dataOS2_
                0x0000000000406174        0xc CMakeFiles\HFSM_Windows.dir/objects.a(main.cpp.obj)
 .pdata$_ZN17Custom_State_BaseI13Top_State_bisS0_16User_State_0_bisJ16User_State_1_bis16User_State_2_bisEE14exit_to_parentEv
                0x0000000000406180        0xc CMakeFiles\HFSM_Windows.dir/objects.a(main.cpp.obj)
 .pdata$_ZN17Custom_State_BaseI13Top_State_bisS0_16User_State_0_bisJ16User_State_1_bis16User_State_2_bisEE25custom_state_base_handlerEP5Event
                0x000000000040618c        0xc CMakeFiles\HFSM_Windows.dir/objects.a(main.cpp.obj)
 .pdata$_ZNSt17_Function_handlerIF15Handling_ResultP5EventEN5StateI13Top_State_bis17Custom_State_BaseIS5_S5_16User_State_0_bisJ16User_State_1_bis16User_State_2_bisEEJS8_S9_EE13state_handlerMUlS2_E_EE9_M_invokeERKSt9_Any_dataOS2_
                0x0000000000406198        0xc CMakeFiles\HFSM_Windows.dir/objects.a(main.cpp.obj)
 .pdata$_ZN5StateI13Top_State_bis17Custom_State_BaseIS0_S0_16User_State_0_bisJ16User_State_1_bis16User_State_2_bisEEJS3_S4_EE26pass_hfsm_ptr_to_substatesILi1EEEvP9HFSM_BaseIS0_ESt17integral_constantIiXT_EE
                0x00000000004061a4        0xc CMakeFiles\HFSM_Windows.dir/objects.a(main.cpp.obj)
 .pdata$_ZN5StateI13Top_State_bis17Custom_State_BaseIS0_S0_16User_State_0_bisJ16User_State_1_bis16User_State_2_bisEEJS3_S4_EE26pass_hfsm_ptr_to_substatesILi0EEEvP9HFSM_BaseIS0_ESt17integral_constantIiXT_EE
                0x00000000004061b0        0xc CMakeFiles\HFSM_Windows.dir/objects.a(main.cpp.obj)
 .pdata$_ZN5StateI13Top_State_bis14Top_State_BaseIS0_J16User_State_0_bisEEJS2_EE26pass_hfsm_ptr_to_substatesILi0EEEvP9HFSM_BaseIS0_ESt17integral_constantIiXT_EE
                0x00000000004061bc        0xc CMakeFiles\HFSM_Windows.dir/objects.a(main.cpp.obj)
 .pdata$main    0x00000000004061c8        0xc CMakeFiles\HFSM_Windows.dir/objects.a(main.cpp.obj)
 .pdata$_GLOBAL__sub_I_main
                0x00000000004061d4        0xc CMakeFiles\HFSM_Windows.dir/objects.a(main.cpp.obj)
 .pdata         0x00000000004061e0       0x24 C:/Mingw_64/mingw64/bin/../lib/gcc/x86_64-w64-mingw32/8.1.0/../../../../x86_64-w64-mingw32/lib/../lib/libmingw32.a(lib64_libmingw32_a-gccmain.o)
 .pdata         0x0000000000406204        0xc C:/Mingw_64/mingw64/bin/../lib/gcc/x86_64-w64-mingw32/8.1.0/../../../../x86_64-w64-mingw32/lib/../lib/libmingw32.a(lib64_libmingw32_a-charmax.o)
 .pdata         0x0000000000406210        0xc C:/Mingw_64/mingw64/bin/../lib/gcc/x86_64-w64-mingw32/8.1.0/../../../../x86_64-w64-mingw32/lib/../lib/libmingw32.a(lib64_libmingw32_a-dllargv.o)
 .pdata         0x000000000040621c       0x18 C:/Mingw_64/mingw64/bin/../lib/gcc/x86_64-w64-mingw32/8.1.0/../../../../x86_64-w64-mingw32/lib/../lib/libmingw32.a(lib64_libmingw32_a-gs_support.o)
 .pdata         0x0000000000406234       0x24 C:/Mingw_64/mingw64/bin/../lib/gcc/x86_64-w64-mingw32/8.1.0/../../../../x86_64-w64-mingw32/lib/../lib/libmingw32.a(lib64_libmingw32_a-tlssup.o)
 .pdata         0x0000000000406258       0x24 C:/Mingw_64/mingw64/bin/../lib/gcc/x86_64-w64-mingw32/8.1.0/../../../../x86_64-w64-mingw32/lib/../lib/libmingw32.a(lib64_libmingw32_a-merr.o)
 .pdata         0x000000000040627c        0xc C:/Mingw_64/mingw64/bin/../lib/gcc/x86_64-w64-mingw32/8.1.0/../../../../x86_64-w64-mingw32/lib/../lib/libmingw32.a(lib64_libmingw32_a-CRT_fp10.o)
 .pdata         0x0000000000406288       0x18 C:/Mingw_64/mingw64/bin/../lib/gcc/x86_64-w64-mingw32/8.1.0/../../../../x86_64-w64-mingw32/lib/../lib/libmingw32.a(lib64_libmingw32_a-mingw_helpers.o)
 .pdata.unlikely
                0x00000000004062a0        0xc C:/Mingw_64/mingw64/bin/../lib/gcc/x86_64-w64-mingw32/8.1.0/../../../../x86_64-w64-mingw32/lib/../lib/libmingw32.a(lib64_libmingw32_a-pseudo-reloc.o)
 .pdata         0x00000000004062ac       0x18 C:/Mingw_64/mingw64/bin/../lib/gcc/x86_64-w64-mingw32/8.1.0/../../../../x86_64-w64-mingw32/lib/../lib/libmingw32.a(lib64_libmingw32_a-pseudo-reloc.o)
 .pdata         0x00000000004062c4       0x24 C:/Mingw_64/mingw64/bin/../lib/gcc/x86_64-w64-mingw32/8.1.0/../../../../x86_64-w64-mingw32/lib/../lib/libmingw32.a(lib64_libmingw32_a-crt_handler.o)
 .pdata         0x00000000004062e8       0x30 C:/Mingw_64/mingw64/bin/../lib/gcc/x86_64-w64-mingw32/8.1.0/../../../../x86_64-w64-mingw32/lib/../lib/libmingw32.a(lib64_libmingw32_a-tlsthrd.o)
 .pdata         0x0000000000406318       0x78 C:/Mingw_64/mingw64/bin/../lib/gcc/x86_64-w64-mingw32/8.1.0/../../../../x86_64-w64-mingw32/lib/../lib/libmingw32.a(lib64_libmingw32_a-pesect.o)
 .pdata         0x0000000000406390        0xc C:/Mingw_64/mingw64/bin/../lib/gcc/x86_64-w64-mingw32/8.1.0/../../../../x86_64-w64-mingw32/lib/../lib/libmsvcrt.a(lib64_libmsvcrt_os_a-acrt_iob_func.o)
 .pdata         0x000000000040639c       0x18 C:/Mingw_64/mingw64/bin/../lib/gcc/x86_64-w64-mingw32/8.1.0/../../../../x86_64-w64-mingw32/lib/../lib/libmsvcrt.a(lib64_libmsvcrt_os_a-invalid_parameter_handler.o)
 .pdata         0x00000000004063b4        0xc C:/Mingw_64/mingw64/bin/../lib/gcc/x86_64-w64-mingw32/8.1.0/../../../../x86_64-w64-mingw32/lib/../lib/libmsvcrt.a(lib64_libmsvcrt_os_a-__p__acmdln.o)
 .pdata         0x00000000004063c0        0xc C:/Mingw_64/mingw64/bin/../lib/gcc/x86_64-w64-mingw32/8.1.0/../../../../x86_64-w64-mingw32/lib/../lib/libmsvcrt.a(lib64_libmsvcrt_os_a-__p__fmode.o)
 .pdata.startup
                0x00000000004063cc        0xc C:/Mingw_64/mingw64/bin/../lib/gcc/x86_64-w64-mingw32/8.1.0/crtend.o

.xdata          0x0000000000407000      0x400
 *(.xdata*)
 .xdata         0x0000000000407000       0x70 C:/Mingw_64/mingw64/bin/../lib/gcc/x86_64-w64-mingw32/8.1.0/../../../../x86_64-w64-mingw32/lib/../lib/crt2.o
 .xdata         0x0000000000407070        0x8 C:/Mingw_64/mingw64/bin/../lib/gcc/x86_64-w64-mingw32/8.1.0/crtbegin.o
 .xdata$_ZNSt14_Function_base13_Base_managerIN5StateI13Top_State_bis17Custom_State_BaseIS2_16User_State_0_bis16User_State_2_bisJEEJEE13state_handlerMUlP5EventE_EE10_M_managerERSt9_Any_dataRKSC_St18_Manager_operation
                0x0000000000407078        0x4 CMakeFiles\HFSM_Windows.dir/objects.a(main.cpp.obj)
 .xdata$_ZNSt14_Function_base13_Base_managerIN5StateI13Top_State_bis17Custom_State_BaseIS2_16User_State_0_bis16User_State_1_bisJEEJEE13state_handlerMUlP5EventE_EE10_M_managerERSt9_Any_dataRKSC_St18_Manager_operation
                0x000000000040707c        0x4 CMakeFiles\HFSM_Windows.dir/objects.a(main.cpp.obj)
 .xdata$_ZNSt14_Function_base13_Base_managerIN5StateI13Top_State_bis17Custom_State_BaseIS2_S2_16User_State_0_bisJ16User_State_1_bis16User_State_2_bisEEJS5_S6_EE13state_handlerMUlP5EventE_EE10_M_managerERSt9_Any_dataRKSD_St18_Manager_operation
                0x0000000000407080        0x4 CMakeFiles\HFSM_Windows.dir/objects.a(main.cpp.obj)
 .xdata$_ZNSt17_Function_handlerIF15Handling_ResultP5EventEN5StateI13Top_State_bis14Top_State_BaseIS5_J16User_State_0_bisEEJS7_EE13state_handlerMUlS2_E_EE9_M_invokeERKSt9_Any_dataOS2_
                0x0000000000407084        0x4 CMakeFiles\HFSM_Windows.dir/objects.a(main.cpp.obj)
 .xdata$_ZNSt14_Function_base13_Base_managerIN5StateI13Top_State_bis14Top_State_BaseIS2_J16User_State_0_bisEEJS4_EE13state_handlerMUlP5EventE_EE10_M_managerERSt9_Any_dataRKSB_St18_Manager_operation
                0x0000000000407088        0x4 CMakeFiles\HFSM_Windows.dir/objects.a(main.cpp.obj)
 .xdata$_Z41__static_initialization_and_destruction_0ii
                0x000000000040708c        0x8 CMakeFiles\HFSM_Windows.dir/objects.a(main.cpp.obj)
 .xdata$__tcf_0
                0x0000000000407094        0x8 CMakeFiles\HFSM_Windows.dir/objects.a(main.cpp.obj)
 .xdata$_ZNKSt8functionIF15Handling_ResultP5EventEEclES2_
                0x000000000040709c        0x8 CMakeFiles\HFSM_Windows.dir/objects.a(main.cpp.obj)
 .xdata$_ZNSs4_Rep10_M_destroyERKSaIcE
                0x00000000004070a4        0x8 CMakeFiles\HFSM_Windows.dir/objects.a(main.cpp.obj)
 .xdata$_ZN5StateI13Top_State_bis14Top_State_BaseIS0_J16User_State_0_bisEEJS2_EED2Ev
                0x00000000004070ac       0x14 CMakeFiles\HFSM_Windows.dir/objects.a(main.cpp.obj)
 .xdata$_ZNSt8functionIF15Handling_ResultP5EventEEC1IN5StateI13Top_State_bis17Custom_State_BaseIS7_16User_State_0_bis16User_State_2_bisJEEJEE13state_handlerMUlS2_E_EvvEET_
                0x00000000004070c0        0x4 CMakeFiles\HFSM_Windows.dir/objects.a(main.cpp.obj)
 .xdata$_ZNSt8functionIF15Handling_ResultP5EventEEC1IN5StateI13Top_State_bis17Custom_State_BaseIS7_16User_State_0_bis16User_State_1_bisJEEJEE13state_handlerMUlS2_E_EvvEET_
                0x00000000004070c4        0x4 CMakeFiles\HFSM_Windows.dir/objects.a(main.cpp.obj)
 .xdata$_ZNSt8functionIF15Handling_ResultP5EventEEC1IN5StateI13Top_State_bis17Custom_State_BaseIS7_S7_16User_State_0_bisJ16User_State_1_bis16User_State_2_bisEEJSA_SB_EE13state_handlerMUlS2_E_EvvEET_
                0x00000000004070c8        0x4 CMakeFiles\HFSM_Windows.dir/objects.a(main.cpp.obj)
 .xdata$_ZNSt8functionIF15Handling_ResultP5EventEEC1IN5StateI13Top_State_bis14Top_State_BaseIS7_J16User_State_0_bisEEJS9_EE13state_handlerMUlS2_E_EvvEET_
                0x00000000004070cc        0x4 CMakeFiles\HFSM_Windows.dir/objects.a(main.cpp.obj)
 .xdata$_ZNSs4_Rep9_S_createEyyRKSaIcE
                0x00000000004070d0        0x8 CMakeFiles\HFSM_Windows.dir/objects.a(main.cpp.obj)
 .xdata$_ZNSs12_S_constructIPKcEEPcT_S3_RKSaIcESt20forward_iterator_tag
                0x00000000004070d8       0x10 CMakeFiles\HFSM_Windows.dir/objects.a(main.cpp.obj)
 .xdata$_ZNSsC1EPKcRKSaIcE
                0x00000000004070e8        0xc CMakeFiles\HFSM_Windows.dir/objects.a(main.cpp.obj)
 .xdata$_ZN17Custom_State_BaseI13Top_State_bis16User_State_0_bis16User_State_2_bisJEE14exit_to_parentEv
                0x00000000004070f4        0x4 CMakeFiles\HFSM_Windows.dir/objects.a(main.cpp.obj)
 .xdata$_ZN17Custom_State_BaseI13Top_State_bis16User_State_0_bis16User_State_2_bisJEE25custom_state_base_handlerEP5Event
                0x00000000004070f8        0x8 CMakeFiles\HFSM_Windows.dir/objects.a(main.cpp.obj)
 .xdata$_ZNSt17_Function_handlerIF15Handling_ResultP5EventEN5StateI13Top_State_bis17Custom_State_BaseIS5_16User_State_0_bis16User_State_2_bisJEEJEE13state_handlerMUlS2_E_EE9_M_invokeERKSt9_Any_dataOS2_
                0x0000000000407100        0x8 CMakeFiles\HFSM_Windows.dir/objects.a(main.cpp.obj)
 .xdata$_ZN17Custom_State_BaseI13Top_State_bis16User_State_0_bis16User_State_1_bisJEE14exit_to_parentEv
                0x0000000000407108        0x4 CMakeFiles\HFSM_Windows.dir/objects.a(main.cpp.obj)
 .xdata$_ZN17Custom_State_BaseI13Top_State_bis16User_State_0_bis16User_State_1_bisJEE25custom_state_base_handlerEP5Event
                0x000000000040710c        0x8 CMakeFiles\HFSM_Windows.dir/objects.a(main.cpp.obj)
 .xdata$_ZNSt17_Function_handlerIF15Handling_ResultP5EventEN5StateI13Top_State_bis17Custom_State_BaseIS5_16User_State_0_bis16User_State_1_bisJEEJEE13state_handlerMUlS2_E_EE9_M_invokeERKSt9_Any_dataOS2_
                0x0000000000407114        0x8 CMakeFiles\HFSM_Windows.dir/objects.a(main.cpp.obj)
 .xdata$_ZN17Custom_State_BaseI13Top_State_bisS0_16User_State_0_bisJ16User_State_1_bis16User_State_2_bisEE14exit_to_parentEv
                0x000000000040711c        0x4 CMakeFiles\HFSM_Windows.dir/objects.a(main.cpp.obj)
 .xdata$_ZN17Custom_State_BaseI13Top_State_bisS0_16User_State_0_bisJ16User_State_1_bis16User_State_2_bisEE25custom_state_base_handlerEP5Event
                0x0000000000407120        0x8 CMakeFiles\HFSM_Windows.dir/objects.a(main.cpp.obj)
 .xdata$_ZNSt17_Function_handlerIF15Handling_ResultP5EventEN5StateI13Top_State_bis17Custom_State_BaseIS5_S5_16User_State_0_bisJ16User_State_1_bis16User_State_2_bisEEJS8_S9_EE13state_handlerMUlS2_E_EE9_M_invokeERKSt9_Any_dataOS2_
                0x0000000000407128        0x8 CMakeFiles\HFSM_Windows.dir/objects.a(main.cpp.obj)
 .xdata$_ZN5StateI13Top_State_bis17Custom_State_BaseIS0_S0_16User_State_0_bisJ16User_State_1_bis16User_State_2_bisEEJS3_S4_EE26pass_hfsm_ptr_to_substatesILi1EEEvP9HFSM_BaseIS0_ESt17integral_constantIiXT_EE
                0x0000000000407130        0x4 CMakeFiles\HFSM_Windows.dir/objects.a(main.cpp.obj)
 .xdata$_ZN5StateI13Top_State_bis17Custom_State_BaseIS0_S0_16User_State_0_bisJ16User_State_1_bis16User_State_2_bisEEJS3_S4_EE26pass_hfsm_ptr_to_substatesILi0EEEvP9HFSM_BaseIS0_ESt17integral_constantIiXT_EE
                0x0000000000407134        0x8 CMakeFiles\HFSM_Windows.dir/objects.a(main.cpp.obj)
 .xdata$_ZN5StateI13Top_State_bis14Top_State_BaseIS0_J16User_State_0_bisEEJS2_EE26pass_hfsm_ptr_to_substatesILi0EEEvP9HFSM_BaseIS0_ESt17integral_constantIiXT_EE
                0x000000000040713c        0x8 CMakeFiles\HFSM_Windows.dir/objects.a(main.cpp.obj)
 .xdata$main    0x0000000000407144       0x30 CMakeFiles\HFSM_Windows.dir/objects.a(main.cpp.obj)
 .xdata$_GLOBAL__sub_I_main
                0x0000000000407174        0x8 CMakeFiles\HFSM_Windows.dir/objects.a(main.cpp.obj)
 .xdata         0x000000000040717c       0x18 C:/Mingw_64/mingw64/bin/../lib/gcc/x86_64-w64-mingw32/8.1.0/../../../../x86_64-w64-mingw32/lib/../lib/libmingw32.a(lib64_libmingw32_a-gccmain.o)
 .xdata         0x0000000000407194        0x4 C:/Mingw_64/mingw64/bin/../lib/gcc/x86_64-w64-mingw32/8.1.0/../../../../x86_64-w64-mingw32/lib/../lib/libmingw32.a(lib64_libmingw32_a-charmax.o)
 .xdata         0x0000000000407198        0x4 C:/Mingw_64/mingw64/bin/../lib/gcc/x86_64-w64-mingw32/8.1.0/../../../../x86_64-w64-mingw32/lib/../lib/libmingw32.a(lib64_libmingw32_a-dllargv.o)
 .xdata         0x000000000040719c       0x20 C:/Mingw_64/mingw64/bin/../lib/gcc/x86_64-w64-mingw32/8.1.0/../../../../x86_64-w64-mingw32/lib/../lib/libmingw32.a(lib64_libmingw32_a-gs_support.o)
 .xdata         0x00000000004071bc       0x18 C:/Mingw_64/mingw64/bin/../lib/gcc/x86_64-w64-mingw32/8.1.0/../../../../x86_64-w64-mingw32/lib/../lib/libmingw32.a(lib64_libmingw32_a-tlssup.o)
 .xdata         0x00000000004071d4       0x24 C:/Mingw_64/mingw64/bin/../lib/gcc/x86_64-w64-mingw32/8.1.0/../../../../x86_64-w64-mingw32/lib/../lib/libmingw32.a(lib64_libmingw32_a-merr.o)
 .xdata         0x00000000004071f8        0x4 C:/Mingw_64/mingw64/bin/../lib/gcc/x86_64-w64-mingw32/8.1.0/../../../../x86_64-w64-mingw32/lib/../lib/libmingw32.a(lib64_libmingw32_a-CRT_fp10.o)
 .xdata         0x00000000004071fc        0x8 C:/Mingw_64/mingw64/bin/../lib/gcc/x86_64-w64-mingw32/8.1.0/../../../../x86_64-w64-mingw32/lib/../lib/libmingw32.a(lib64_libmingw32_a-mingw_helpers.o)
 .xdata.unlikely
                0x0000000000407204        0xc C:/Mingw_64/mingw64/bin/../lib/gcc/x86_64-w64-mingw32/8.1.0/../../../../x86_64-w64-mingw32/lib/../lib/libmingw32.a(lib64_libmingw32_a-pseudo-reloc.o)
 .xdata         0x0000000000407210       0x28 C:/Mingw_64/mingw64/bin/../lib/gcc/x86_64-w64-mingw32/8.1.0/../../../../x86_64-w64-mingw32/lib/../lib/libmingw32.a(lib64_libmingw32_a-pseudo-reloc.o)
 .xdata         0x0000000000407238       0x20 C:/Mingw_64/mingw64/bin/../lib/gcc/x86_64-w64-mingw32/8.1.0/../../../../x86_64-w64-mingw32/lib/../lib/libmingw32.a(lib64_libmingw32_a-crt_handler.o)
 .xdata         0x0000000000407258       0x30 C:/Mingw_64/mingw64/bin/../lib/gcc/x86_64-w64-mingw32/8.1.0/../../../../x86_64-w64-mingw32/lib/../lib/libmingw32.a(lib64_libmingw32_a-tlsthrd.o)
 .xdata         0x0000000000407288       0x48 C:/Mingw_64/mingw64/bin/../lib/gcc/x86_64-w64-mingw32/8.1.0/../../../../x86_64-w64-mingw32/lib/../lib/libmingw32.a(lib64_libmingw32_a-pesect.o)
 .xdata         0x00000000004072d0        0x8 C:/Mingw_64/mingw64/bin/../lib/gcc/x86_64-w64-mingw32/8.1.0/../../../../x86_64-w64-mingw32/lib/../lib/libmsvcrt.a(lib64_libmsvcrt_os_a-acrt_iob_func.o)
 .xdata         0x00000000004072d8        0x8 C:/Mingw_64/mingw64/bin/../lib/gcc/x86_64-w64-mingw32/8.1.0/../../../../x86_64-w64-mingw32/lib/../lib/libmsvcrt.a(lib64_libmsvcrt_os_a-invalid_parameter_handler.o)
 .xdata         0x00000000004072e0        0x4 C:/Mingw_64/mingw64/bin/../lib/gcc/x86_64-w64-mingw32/8.1.0/../../../../x86_64-w64-mingw32/lib/../lib/libmsvcrt.a(lib64_libmsvcrt_os_a-__p__acmdln.o)
 .xdata         0x00000000004072e4        0x4 C:/Mingw_64/mingw64/bin/../lib/gcc/x86_64-w64-mingw32/8.1.0/../../../../x86_64-w64-mingw32/lib/../lib/libmsvcrt.a(lib64_libmsvcrt_os_a-__p__fmode.o)
 .xdata.startup
                0x00000000004072e8        0x4 C:/Mingw_64/mingw64/bin/../lib/gcc/x86_64-w64-mingw32/8.1.0/crtend.o

.bss            0x0000000000408000      0x970
                0x0000000000408000                __bss_start__ = .
 *(.bss)
 .bss           0x0000000000408000       0x30 C:/Mingw_64/mingw64/bin/../lib/gcc/x86_64-w64-mingw32/8.1.0/../../../../x86_64-w64-mingw32/lib/../lib/crt2.o
 .bss           0x0000000000408030       0x10 C:/Mingw_64/mingw64/bin/../lib/gcc/x86_64-w64-mingw32/8.1.0/../../../../x86_64-w64-mingw32/lib/../lib/libmingw32.a(lib64_libmingw32_a-gccmain.o)
 .bss           0x0000000000408040       0x10 C:/Mingw_64/mingw64/bin/../lib/gcc/x86_64-w64-mingw32/8.1.0/../../../../x86_64-w64-mingw32/lib/../lib/libmingw32.a(lib64_libmingw32_a-charmax.o)
                0x0000000000408040                mingw_initcharmax
 *fill*         0x0000000000408050       0x10 
 .bss           0x0000000000408060      0x580 C:/Mingw_64/mingw64/bin/../lib/gcc/x86_64-w64-mingw32/8.1.0/../../../../x86_64-w64-mingw32/lib/../lib/libmingw32.a(lib64_libmingw32_a-gs_support.o)
 .bss           0x00000000004085e0       0x10 C:/Mingw_64/mingw64/bin/../lib/gcc/x86_64-w64-mingw32/8.1.0/../../../../x86_64-w64-mingw32/lib/../lib/libmingw32.a(lib64_libmingw32_a-_newmode.o)
                0x00000000004085e0                _newmode
 .bss           0x00000000004085f0       0x10 C:/Mingw_64/mingw64/bin/../lib/gcc/x86_64-w64-mingw32/8.1.0/../../../../x86_64-w64-mingw32/lib/../lib/libmingw32.a(lib64_libmingw32_a-tlssup.o)
                0x00000000004085f0                mingw_initltssuo_force
                0x00000000004085f4                mingw_initltsdyn_force
                0x00000000004085f8                mingw_initltsdrot_force
                0x00000000004085fc                _tls_index
 .bss           0x0000000000408600       0x10 C:/Mingw_64/mingw64/bin/../lib/gcc/x86_64-w64-mingw32/8.1.0/../../../../x86_64-w64-mingw32/lib/../lib/libmingw32.a(lib64_libmingw32_a-merr.o)
 .bss           0x0000000000408610       0x10 C:/Mingw_64/mingw64/bin/../lib/gcc/x86_64-w64-mingw32/8.1.0/../../../../x86_64-w64-mingw32/lib/../lib/libmingw32.a(lib64_libmingw32_a-mingw_helpers.o)
                0x0000000000408610                mingw_app_type
 .bss           0x0000000000408620       0x10 C:/Mingw_64/mingw64/bin/../lib/gcc/x86_64-w64-mingw32/8.1.0/../../../../x86_64-w64-mingw32/lib/../lib/libmingw32.a(lib64_libmingw32_a-pseudo-reloc.o)
 .bss           0x0000000000408630       0x10 C:/Mingw_64/mingw64/bin/../lib/gcc/x86_64-w64-mingw32/8.1.0/../../../../x86_64-w64-mingw32/lib/../lib/libmingw32.a(lib64_libmingw32_a-xtxtmode.o)
                0x0000000000408630                _fmode
 .bss           0x0000000000408640      0x2a0 C:/Mingw_64/mingw64/bin/../lib/gcc/x86_64-w64-mingw32/8.1.0/../../../../x86_64-w64-mingw32/lib/../lib/libmingw32.a(lib64_libmingw32_a-crt_handler.o)
                0x0000000000408640                __mingw_oldexcpt_handler
 .bss           0x00000000004088e0       0x60 C:/Mingw_64/mingw64/bin/../lib/gcc/x86_64-w64-mingw32/8.1.0/../../../../x86_64-w64-mingw32/lib/../lib/libmingw32.a(lib64_libmingw32_a-tlsthrd.o)
 .bss           0x0000000000408940       0x10 C:/Mingw_64/mingw64/bin/../lib/gcc/x86_64-w64-mingw32/8.1.0/../../../../x86_64-w64-mingw32/lib/../lib/libmsvcrt.a(lib64_libmsvcrt_os_a-invalid_parameter_handler.o)
 *(COMMON)
 COMMON         0x0000000000408950       0x10 C:/Mingw_64/mingw64/bin/../lib/gcc/x86_64-w64-mingw32/8.1.0/../../../../x86_64-w64-mingw32/lib/../lib/crt2.o
                0x0000000000408950                __mingw_winmain_lpCmdLine
                0x0000000000408958                __mingw_winmain_hInstance
 COMMON         0x0000000000408960       0x10 C:/Mingw_64/mingw64/bin/../lib/gcc/x86_64-w64-mingw32/8.1.0/../../../../x86_64-w64-mingw32/lib/../lib/libmingw32.a(lib64_libmingw32_a-natstart.o)
                0x0000000000408960                __native_startup_state
                0x0000000000408968                __native_startup_lock
                0x0000000000408970                __bss_end__ = .

.edata
 *(.edata)

/DISCARD/
 *(.debug$S)
 *(.debug$T)
 *(.debug$F)
 *(.drectve)
 *(.note.GNU-stack)
 *(.gnu.lto_*)

.idata          0x0000000000409000      0xc00
 SORT_BY_NAME(*)(.idata$2)
 .idata$2       0x0000000000409000       0x14 C:/Mingw_64/mingw64/bin/../lib/gcc/x86_64-w64-mingw32/8.1.0/../../../../x86_64-w64-mingw32/lib/../lib/libgcc_s.a(d000000.o)
                0x0000000000409000                _head_libgcc_s_seh_1_dll
 .idata$2       0x0000000000409014       0x14 C:/Mingw_64/mingw64/bin/../lib/gcc/x86_64-w64-mingw32/8.1.0/../../../../x86_64-w64-mingw32/lib/../lib/libkernel32.a(dqifh.o)
                0x0000000000409014                _head_lib64_libkernel32_a
 .idata$2       0x0000000000409028       0x14 C:/Mingw_64/mingw64/bin/../lib/gcc/x86_64-w64-mingw32/8.1.0/../../../../x86_64-w64-mingw32/lib/../lib/libmsvcrt.a(duagh.o)
                0x0000000000409028                _head_lib64_libmsvcrt_os_a
 .idata$2       0x000000000040903c       0x14 C:/Mingw_64/mingw64/bin/../lib/gcc/x86_64-w64-mingw32/8.1.0/libstdc++.dll.a(d000000.o)
                0x000000000040903c                _head_libstdc___6_dll
 SORT_BY_NAME(*)(.idata$3)
                0x0000000000409050        0x4 LONG 0x0
                0x0000000000409054        0x4 LONG 0x0
                0x0000000000409058        0x4 LONG 0x0
                0x000000000040905c        0x4 LONG 0x0
                0x0000000000409060        0x4 LONG 0x0
 SORT_BY_NAME(*)(.idata$4)
 .idata$4       0x0000000000409064        0x0 C:/Mingw_64/mingw64/bin/../lib/gcc/x86_64-w64-mingw32/8.1.0/../../../../x86_64-w64-mingw32/lib/../lib/libgcc_s.a(d000000.o)
 .idata$4       0x0000000000409064        0x8 C:/Mingw_64/mingw64/bin/../lib/gcc/x86_64-w64-mingw32/8.1.0/../../../../x86_64-w64-mingw32/lib/../lib/libgcc_s.a(d000015.o)
 .idata$4       0x000000000040906c        0x8 C:/Mingw_64/mingw64/bin/../lib/gcc/x86_64-w64-mingw32/8.1.0/../../../../x86_64-w64-mingw32/lib/../lib/libgcc_s.a(d000123.o)
 .idata$4       0x0000000000409074        0x0 C:/Mingw_64/mingw64/bin/../lib/gcc/x86_64-w64-mingw32/8.1.0/../../../../x86_64-w64-mingw32/lib/../lib/libkernel32.a(dqifh.o)
 .idata$4       0x0000000000409074        0x8 C:/Mingw_64/mingw64/bin/../lib/gcc/x86_64-w64-mingw32/8.1.0/../../../../x86_64-w64-mingw32/lib/../lib/libkernel32.a(dqifs00268.o)
 .idata$4       0x000000000040907c        0x8 C:/Mingw_64/mingw64/bin/../lib/gcc/x86_64-w64-mingw32/8.1.0/../../../../x86_64-w64-mingw32/lib/../lib/libkernel32.a(dqifs00304.o)
 .idata$4       0x0000000000409084        0x8 C:/Mingw_64/mingw64/bin/../lib/gcc/x86_64-w64-mingw32/8.1.0/../../../../x86_64-w64-mingw32/lib/../lib/libkernel32.a(dqifs00535.o)
 .idata$4       0x000000000040908c        0x8 C:/Mingw_64/mingw64/bin/../lib/gcc/x86_64-w64-mingw32/8.1.0/../../../../x86_64-w64-mingw32/lib/../lib/libkernel32.a(dqifs00536.o)
 .idata$4       0x0000000000409094        0x8 C:/Mingw_64/mingw64/bin/../lib/gcc/x86_64-w64-mingw32/8.1.0/../../../../x86_64-w64-mingw32/lib/../lib/libkernel32.a(dqifs00540.o)
 .idata$4       0x000000000040909c        0x8 C:/Mingw_64/mingw64/bin/../lib/gcc/x86_64-w64-mingw32/8.1.0/../../../../x86_64-w64-mingw32/lib/../lib/libkernel32.a(dqifs00609.o)
 .idata$4       0x00000000004090a4        0x8 C:/Mingw_64/mingw64/bin/../lib/gcc/x86_64-w64-mingw32/8.1.0/../../../../x86_64-w64-mingw32/lib/../lib/libkernel32.a(dqifs00721.o)
 .idata$4       0x00000000004090ac        0x8 C:/Mingw_64/mingw64/bin/../lib/gcc/x86_64-w64-mingw32/8.1.0/../../../../x86_64-w64-mingw32/lib/../lib/libkernel32.a(dqifs00746.o)
 .idata$4       0x00000000004090b4        0x8 C:/Mingw_64/mingw64/bin/../lib/gcc/x86_64-w64-mingw32/8.1.0/../../../../x86_64-w64-mingw32/lib/../lib/libkernel32.a(dqifs00774.o)
 .idata$4       0x00000000004090bc        0x8 C:/Mingw_64/mingw64/bin/../lib/gcc/x86_64-w64-mingw32/8.1.0/../../../../x86_64-w64-mingw32/lib/../lib/libkernel32.a(dqifs00863.o)
 .idata$4       0x00000000004090c4        0x8 C:/Mingw_64/mingw64/bin/../lib/gcc/x86_64-w64-mingw32/8.1.0/../../../../x86_64-w64-mingw32/lib/../lib/libkernel32.a(dqifs00951.o)
 .idata$4       0x00000000004090cc        0x8 C:/Mingw_64/mingw64/bin/../lib/gcc/x86_64-w64-mingw32/8.1.0/../../../../x86_64-w64-mingw32/lib/../lib/libkernel32.a(dqifs01093.o)
 .idata$4       0x00000000004090d4        0x8 C:/Mingw_64/mingw64/bin/../lib/gcc/x86_64-w64-mingw32/8.1.0/../../../../x86_64-w64-mingw32/lib/../lib/libkernel32.a(dqifs01179.o)
 .idata$4       0x00000000004090dc        0x8 C:/Mingw_64/mingw64/bin/../lib/gcc/x86_64-w64-mingw32/8.1.0/../../../../x86_64-w64-mingw32/lib/../lib/libkernel32.a(dqifs01180.o)
 .idata$4       0x00000000004090e4        0x8 C:/Mingw_64/mingw64/bin/../lib/gcc/x86_64-w64-mingw32/8.1.0/../../../../x86_64-w64-mingw32/lib/../lib/libkernel32.a(dqifs01187.o)
 .idata$4       0x00000000004090ec        0x8 C:/Mingw_64/mingw64/bin/../lib/gcc/x86_64-w64-mingw32/8.1.0/../../../../x86_64-w64-mingw32/lib/../lib/libkernel32.a(dqifs01194.o)
 .idata$4       0x00000000004090f4        0x8 C:/Mingw_64/mingw64/bin/../lib/gcc/x86_64-w64-mingw32/8.1.0/../../../../x86_64-w64-mingw32/lib/../lib/libkernel32.a(dqifs01346.o)
 .idata$4       0x00000000004090fc        0x8 C:/Mingw_64/mingw64/bin/../lib/gcc/x86_64-w64-mingw32/8.1.0/../../../../x86_64-w64-mingw32/lib/../lib/libkernel32.a(dqifs01360.o)
 .idata$4       0x0000000000409104        0x8 C:/Mingw_64/mingw64/bin/../lib/gcc/x86_64-w64-mingw32/8.1.0/../../../../x86_64-w64-mingw32/lib/../lib/libkernel32.a(dqifs01375.o)
 .idata$4       0x000000000040910c        0x8 C:/Mingw_64/mingw64/bin/../lib/gcc/x86_64-w64-mingw32/8.1.0/../../../../x86_64-w64-mingw32/lib/../lib/libkernel32.a(dqifs01395.o)
 .idata$4       0x0000000000409114        0x8 C:/Mingw_64/mingw64/bin/../lib/gcc/x86_64-w64-mingw32/8.1.0/../../../../x86_64-w64-mingw32/lib/../lib/libkernel32.a(dqifs01409.o)
 .idata$4       0x000000000040911c        0x8 C:/Mingw_64/mingw64/bin/../lib/gcc/x86_64-w64-mingw32/8.1.0/../../../../x86_64-w64-mingw32/lib/../lib/libkernel32.a(dqifs01443.o)
 .idata$4       0x0000000000409124        0x8 C:/Mingw_64/mingw64/bin/../lib/gcc/x86_64-w64-mingw32/8.1.0/../../../../x86_64-w64-mingw32/lib/../lib/libkernel32.a(dqifs01445.o)
 .idata$4       0x000000000040912c        0x8 C:/Mingw_64/mingw64/bin/../lib/gcc/x86_64-w64-mingw32/8.1.0/../../../../x86_64-w64-mingw32/lib/../lib/libkernel32.a(dqifs01527.o)
 .idata$4       0x0000000000409134        0x8 C:/Mingw_64/mingw64/bin/../lib/gcc/x86_64-w64-mingw32/8.1.0/../../../../x86_64-w64-mingw32/lib/../lib/libkernel32.a(dqift.o)
 .idata$4       0x000000000040913c        0x0 C:/Mingw_64/mingw64/bin/../lib/gcc/x86_64-w64-mingw32/8.1.0/../../../../x86_64-w64-mingw32/lib/../lib/libmsvcrt.a(duagh.o)
 .idata$4       0x000000000040913c        0x8 C:/Mingw_64/mingw64/bin/../lib/gcc/x86_64-w64-mingw32/8.1.0/../../../../x86_64-w64-mingw32/lib/../lib/libmsvcrt.a(duags00081.o)
 .idata$4       0x0000000000409144        0x8 C:/Mingw_64/mingw64/bin/../lib/gcc/x86_64-w64-mingw32/8.1.0/../../../../x86_64-w64-mingw32/lib/../lib/libmsvcrt.a(duags00082.o)
 .idata$4       0x000000000040914c        0x8 C:/Mingw_64/mingw64/bin/../lib/gcc/x86_64-w64-mingw32/8.1.0/../../../../x86_64-w64-mingw32/lib/../lib/libmsvcrt.a(duags00083.o)
 .idata$4       0x0000000000409154        0x8 C:/Mingw_64/mingw64/bin/../lib/gcc/x86_64-w64-mingw32/8.1.0/../../../../x86_64-w64-mingw32/lib/../lib/libmsvcrt.a(duags00090.o)
 .idata$4       0x000000000040915c        0x8 C:/Mingw_64/mingw64/bin/../lib/gcc/x86_64-w64-mingw32/8.1.0/../../../../x86_64-w64-mingw32/lib/../lib/libmsvcrt.a(duags00096.o)
 .idata$4       0x0000000000409164        0x8 C:/Mingw_64/mingw64/bin/../lib/gcc/x86_64-w64-mingw32/8.1.0/../../../../x86_64-w64-mingw32/lib/../lib/libmsvcrt.a(duags00098.o)
 .idata$4       0x000000000040916c        0x8 C:/Mingw_64/mingw64/bin/../lib/gcc/x86_64-w64-mingw32/8.1.0/../../../../x86_64-w64-mingw32/lib/../lib/libmsvcrt.a(duags00115.o)
 .idata$4       0x0000000000409174        0x8 C:/Mingw_64/mingw64/bin/../lib/gcc/x86_64-w64-mingw32/8.1.0/../../../../x86_64-w64-mingw32/lib/../lib/libmsvcrt.a(duags00122.o)
 .idata$4       0x000000000040917c        0x8 C:/Mingw_64/mingw64/bin/../lib/gcc/x86_64-w64-mingw32/8.1.0/../../../../x86_64-w64-mingw32/lib/../lib/libmsvcrt.a(duags00141.o)
 .idata$4       0x0000000000409184        0x8 C:/Mingw_64/mingw64/bin/../lib/gcc/x86_64-w64-mingw32/8.1.0/../../../../x86_64-w64-mingw32/lib/../lib/libmsvcrt.a(duags00253.o)
 .idata$4       0x000000000040918c        0x8 C:/Mingw_64/mingw64/bin/../lib/gcc/x86_64-w64-mingw32/8.1.0/../../../../x86_64-w64-mingw32/lib/../lib/libmsvcrt.a(duags00332.o)
 .idata$4       0x0000000000409194        0x8 C:/Mingw_64/mingw64/bin/../lib/gcc/x86_64-w64-mingw32/8.1.0/../../../../x86_64-w64-mingw32/lib/../lib/libmsvcrt.a(duags00614.o)
 .idata$4       0x000000000040919c        0x8 C:/Mingw_64/mingw64/bin/../lib/gcc/x86_64-w64-mingw32/8.1.0/../../../../x86_64-w64-mingw32/lib/../lib/libmsvcrt.a(duags01032.o)
 .idata$4       0x00000000004091a4        0x8 C:/Mingw_64/mingw64/bin/../lib/gcc/x86_64-w64-mingw32/8.1.0/../../../../x86_64-w64-mingw32/lib/../lib/libmsvcrt.a(duags01050.o)
 .idata$4       0x00000000004091ac        0x8 C:/Mingw_64/mingw64/bin/../lib/gcc/x86_64-w64-mingw32/8.1.0/../../../../x86_64-w64-mingw32/lib/../lib/libmsvcrt.a(duags01063.o)
 .idata$4       0x00000000004091b4        0x8 C:/Mingw_64/mingw64/bin/../lib/gcc/x86_64-w64-mingw32/8.1.0/../../../../x86_64-w64-mingw32/lib/../lib/libmsvcrt.a(duags01082.o)
 .idata$4       0x00000000004091bc        0x8 C:/Mingw_64/mingw64/bin/../lib/gcc/x86_64-w64-mingw32/8.1.0/../../../../x86_64-w64-mingw32/lib/../lib/libmsvcrt.a(duags01089.o)
 .idata$4       0x00000000004091c4        0x8 C:/Mingw_64/mingw64/bin/../lib/gcc/x86_64-w64-mingw32/8.1.0/../../../../x86_64-w64-mingw32/lib/../lib/libmsvcrt.a(duags01101.o)
 .idata$4       0x00000000004091cc        0x8 C:/Mingw_64/mingw64/bin/../lib/gcc/x86_64-w64-mingw32/8.1.0/../../../../x86_64-w64-mingw32/lib/../lib/libmsvcrt.a(duags01149.o)
 .idata$4       0x00000000004091d4        0x8 C:/Mingw_64/mingw64/bin/../lib/gcc/x86_64-w64-mingw32/8.1.0/../../../../x86_64-w64-mingw32/lib/../lib/libmsvcrt.a(duags01157.o)
 .idata$4       0x00000000004091dc        0x8 C:/Mingw_64/mingw64/bin/../lib/gcc/x86_64-w64-mingw32/8.1.0/../../../../x86_64-w64-mingw32/lib/../lib/libmsvcrt.a(duags01187.o)
 .idata$4       0x00000000004091e4        0x8 C:/Mingw_64/mingw64/bin/../lib/gcc/x86_64-w64-mingw32/8.1.0/../../../../x86_64-w64-mingw32/lib/../lib/libmsvcrt.a(duags01208.o)
 .idata$4       0x00000000004091ec        0x8 C:/Mingw_64/mingw64/bin/../lib/gcc/x86_64-w64-mingw32/8.1.0/../../../../x86_64-w64-mingw32/lib/../lib/libmsvcrt.a(duags01211.o)
 .idata$4       0x00000000004091f4        0x8 C:/Mingw_64/mingw64/bin/../lib/gcc/x86_64-w64-mingw32/8.1.0/../../../../x86_64-w64-mingw32/lib/../lib/libmsvcrt.a(duags01243.o)
 .idata$4       0x00000000004091fc        0x8 C:/Mingw_64/mingw64/bin/../lib/gcc/x86_64-w64-mingw32/8.1.0/../../../../x86_64-w64-mingw32/lib/../lib/libmsvcrt.a(duagt.o)
 .idata$4       0x0000000000409204        0x0 C:/Mingw_64/mingw64/bin/../lib/gcc/x86_64-w64-mingw32/8.1.0/libstdc++.dll.a(d000000.o)
 .idata$4       0x0000000000409204        0x8 C:/Mingw_64/mingw64/bin/../lib/gcc/x86_64-w64-mingw32/8.1.0/libstdc++.dll.a(d001748.o)
 .idata$4       0x000000000040920c        0x8 C:/Mingw_64/mingw64/bin/../lib/gcc/x86_64-w64-mingw32/8.1.0/libstdc++.dll.a(d004448.o)
 .idata$4       0x0000000000409214        0x8 C:/Mingw_64/mingw64/bin/../lib/gcc/x86_64-w64-mingw32/8.1.0/libstdc++.dll.a(d004450.o)
 .idata$4       0x000000000040921c        0x8 C:/Mingw_64/mingw64/bin/../lib/gcc/x86_64-w64-mingw32/8.1.0/libstdc++.dll.a(d004685.o)
 .idata$4       0x0000000000409224        0x8 C:/Mingw_64/mingw64/bin/../lib/gcc/x86_64-w64-mingw32/8.1.0/libstdc++.dll.a(d004705.o)
 .idata$4       0x000000000040922c        0x8 C:/Mingw_64/mingw64/bin/../lib/gcc/x86_64-w64-mingw32/8.1.0/libstdc++.dll.a(d004713.o)
 .idata$4       0x0000000000409234        0x8 C:/Mingw_64/mingw64/bin/../lib/gcc/x86_64-w64-mingw32/8.1.0/libstdc++.dll.a(d004729.o)
 .idata$4       0x000000000040923c        0x8 C:/Mingw_64/mingw64/bin/../lib/gcc/x86_64-w64-mingw32/8.1.0/libstdc++.dll.a(d004738.o)
 .idata$4       0x0000000000409244        0x8 C:/Mingw_64/mingw64/bin/../lib/gcc/x86_64-w64-mingw32/8.1.0/libstdc++.dll.a(d004847.o)
 .idata$4       0x000000000040924c        0x8 C:/Mingw_64/mingw64/bin/../lib/gcc/x86_64-w64-mingw32/8.1.0/libstdc++.dll.a(d005823.o)
 .idata$4       0x0000000000409254        0x8 C:/Mingw_64/mingw64/bin/../lib/gcc/x86_64-w64-mingw32/8.1.0/libstdc++.dll.a(d005833.o)
 .idata$4       0x000000000040925c        0x8 C:/Mingw_64/mingw64/bin/../lib/gcc/x86_64-w64-mingw32/8.1.0/libstdc++.dll.a(d005880.o)
 .idata$4       0x0000000000409264        0x8 C:/Mingw_64/mingw64/bin/../lib/gcc/x86_64-w64-mingw32/8.1.0/libstdc++.dll.a(d005884.o)
                0x000000000040926c                __IAT_start__ = .
 SORT_BY_NAME(*)(.idata$5)
 .idata$5       0x000000000040926c        0x0 C:/Mingw_64/mingw64/bin/../lib/gcc/x86_64-w64-mingw32/8.1.0/../../../../x86_64-w64-mingw32/lib/../lib/libgcc_s.a(d000000.o)
 .idata$5       0x000000000040926c        0x8 C:/Mingw_64/mingw64/bin/../lib/gcc/x86_64-w64-mingw32/8.1.0/../../../../x86_64-w64-mingw32/lib/../lib/libgcc_s.a(d000015.o)
                0x000000000040926c                __imp__Unwind_Resume
 .idata$5       0x0000000000409274        0x8 C:/Mingw_64/mingw64/bin/../lib/gcc/x86_64-w64-mingw32/8.1.0/../../../../x86_64-w64-mingw32/lib/../lib/libgcc_s.a(d000123.o)
 .idata$5       0x000000000040927c        0x0 C:/Mingw_64/mingw64/bin/../lib/gcc/x86_64-w64-mingw32/8.1.0/../../../../x86_64-w64-mingw32/lib/../lib/libkernel32.a(dqifh.o)
 .idata$5       0x000000000040927c        0x8 C:/Mingw_64/mingw64/bin/../lib/gcc/x86_64-w64-mingw32/8.1.0/../../../../x86_64-w64-mingw32/lib/../lib/libkernel32.a(dqifs00268.o)
                0x000000000040927c                __imp_DeleteCriticalSection
 .idata$5       0x0000000000409284        0x8 C:/Mingw_64/mingw64/bin/../lib/gcc/x86_64-w64-mingw32/8.1.0/../../../../x86_64-w64-mingw32/lib/../lib/libkernel32.a(dqifs00304.o)
                0x0000000000409284                __imp_EnterCriticalSection
 .idata$5       0x000000000040928c        0x8 C:/Mingw_64/mingw64/bin/../lib/gcc/x86_64-w64-mingw32/8.1.0/../../../../x86_64-w64-mingw32/lib/../lib/libkernel32.a(dqifs00535.o)
                0x000000000040928c                __imp_GetCurrentProcess
 .idata$5       0x0000000000409294        0x8 C:/Mingw_64/mingw64/bin/../lib/gcc/x86_64-w64-mingw32/8.1.0/../../../../x86_64-w64-mingw32/lib/../lib/libkernel32.a(dqifs00536.o)
                0x0000000000409294                __imp_GetCurrentProcessId
 .idata$5       0x000000000040929c        0x8 C:/Mingw_64/mingw64/bin/../lib/gcc/x86_64-w64-mingw32/8.1.0/../../../../x86_64-w64-mingw32/lib/../lib/libkernel32.a(dqifs00540.o)
                0x000000000040929c                __imp_GetCurrentThreadId
 .idata$5       0x00000000004092a4        0x8 C:/Mingw_64/mingw64/bin/../lib/gcc/x86_64-w64-mingw32/8.1.0/../../../../x86_64-w64-mingw32/lib/../lib/libkernel32.a(dqifs00609.o)
                0x00000000004092a4                __imp_GetLastError
 .idata$5       0x00000000004092ac        0x8 C:/Mingw_64/mingw64/bin/../lib/gcc/x86_64-w64-mingw32/8.1.0/../../../../x86_64-w64-mingw32/lib/../lib/libkernel32.a(dqifs00721.o)
                0x00000000004092ac                __imp_GetStartupInfoA
 .idata$5       0x00000000004092b4        0x8 C:/Mingw_64/mingw64/bin/../lib/gcc/x86_64-w64-mingw32/8.1.0/../../../../x86_64-w64-mingw32/lib/../lib/libkernel32.a(dqifs00746.o)
                0x00000000004092b4                __imp_GetSystemTimeAsFileTime
 .idata$5       0x00000000004092bc        0x8 C:/Mingw_64/mingw64/bin/../lib/gcc/x86_64-w64-mingw32/8.1.0/../../../../x86_64-w64-mingw32/lib/../lib/libkernel32.a(dqifs00774.o)
                0x00000000004092bc                __imp_GetTickCount
 .idata$5       0x00000000004092c4        0x8 C:/Mingw_64/mingw64/bin/../lib/gcc/x86_64-w64-mingw32/8.1.0/../../../../x86_64-w64-mingw32/lib/../lib/libkernel32.a(dqifs00863.o)
                0x00000000004092c4                __imp_InitializeCriticalSection
 .idata$5       0x00000000004092cc        0x8 C:/Mingw_64/mingw64/bin/../lib/gcc/x86_64-w64-mingw32/8.1.0/../../../../x86_64-w64-mingw32/lib/../lib/libkernel32.a(dqifs00951.o)
                0x00000000004092cc                __imp_LeaveCriticalSection
 .idata$5       0x00000000004092d4        0x8 C:/Mingw_64/mingw64/bin/../lib/gcc/x86_64-w64-mingw32/8.1.0/../../../../x86_64-w64-mingw32/lib/../lib/libkernel32.a(dqifs01093.o)
                0x00000000004092d4                __imp_QueryPerformanceCounter
 .idata$5       0x00000000004092dc        0x8 C:/Mingw_64/mingw64/bin/../lib/gcc/x86_64-w64-mingw32/8.1.0/../../../../x86_64-w64-mingw32/lib/../lib/libkernel32.a(dqifs01179.o)
                0x00000000004092dc                __imp_RtlAddFunctionTable
 .idata$5       0x00000000004092e4        0x8 C:/Mingw_64/mingw64/bin/../lib/gcc/x86_64-w64-mingw32/8.1.0/../../../../x86_64-w64-mingw32/lib/../lib/libkernel32.a(dqifs01180.o)
                0x00000000004092e4                __imp_RtlCaptureContext
 .idata$5       0x00000000004092ec        0x8 C:/Mingw_64/mingw64/bin/../lib/gcc/x86_64-w64-mingw32/8.1.0/../../../../x86_64-w64-mingw32/lib/../lib/libkernel32.a(dqifs01187.o)
                0x00000000004092ec                __imp_RtlLookupFunctionEntry
 .idata$5       0x00000000004092f4        0x8 C:/Mingw_64/mingw64/bin/../lib/gcc/x86_64-w64-mingw32/8.1.0/../../../../x86_64-w64-mingw32/lib/../lib/libkernel32.a(dqifs01194.o)
                0x00000000004092f4                __imp_RtlVirtualUnwind
 .idata$5       0x00000000004092fc        0x8 C:/Mingw_64/mingw64/bin/../lib/gcc/x86_64-w64-mingw32/8.1.0/../../../../x86_64-w64-mingw32/lib/../lib/libkernel32.a(dqifs01346.o)
                0x00000000004092fc                __imp_SetUnhandledExceptionFilter
 .idata$5       0x0000000000409304        0x8 C:/Mingw_64/mingw64/bin/../lib/gcc/x86_64-w64-mingw32/8.1.0/../../../../x86_64-w64-mingw32/lib/../lib/libkernel32.a(dqifs01360.o)
                0x0000000000409304                __imp_Sleep
 .idata$5       0x000000000040930c        0x8 C:/Mingw_64/mingw64/bin/../lib/gcc/x86_64-w64-mingw32/8.1.0/../../../../x86_64-w64-mingw32/lib/../lib/libkernel32.a(dqifs01375.o)
                0x000000000040930c                __imp_TerminateProcess
 .idata$5       0x0000000000409314        0x8 C:/Mingw_64/mingw64/bin/../lib/gcc/x86_64-w64-mingw32/8.1.0/../../../../x86_64-w64-mingw32/lib/../lib/libkernel32.a(dqifs01395.o)
                0x0000000000409314                __imp_TlsGetValue
 .idata$5       0x000000000040931c        0x8 C:/Mingw_64/mingw64/bin/../lib/gcc/x86_64-w64-mingw32/8.1.0/../../../../x86_64-w64-mingw32/lib/../lib/libkernel32.a(dqifs01409.o)
                0x000000000040931c                __imp_UnhandledExceptionFilter
 .idata$5       0x0000000000409324        0x8 C:/Mingw_64/mingw64/bin/../lib/gcc/x86_64-w64-mingw32/8.1.0/../../../../x86_64-w64-mingw32/lib/../lib/libkernel32.a(dqifs01443.o)
                0x0000000000409324                __imp_VirtualProtect
 .idata$5       0x000000000040932c        0x8 C:/Mingw_64/mingw64/bin/../lib/gcc/x86_64-w64-mingw32/8.1.0/../../../../x86_64-w64-mingw32/lib/../lib/libkernel32.a(dqifs01445.o)
                0x000000000040932c                __imp_VirtualQuery
 .idata$5       0x0000000000409334        0x8 C:/Mingw_64/mingw64/bin/../lib/gcc/x86_64-w64-mingw32/8.1.0/../../../../x86_64-w64-mingw32/lib/../lib/libkernel32.a(dqifs01527.o)
                0x0000000000409334                __imp___C_specific_handler
 .idata$5       0x000000000040933c        0x8 C:/Mingw_64/mingw64/bin/../lib/gcc/x86_64-w64-mingw32/8.1.0/../../../../x86_64-w64-mingw32/lib/../lib/libkernel32.a(dqift.o)
 .idata$5       0x0000000000409344        0x0 C:/Mingw_64/mingw64/bin/../lib/gcc/x86_64-w64-mingw32/8.1.0/../../../../x86_64-w64-mingw32/lib/../lib/libmsvcrt.a(duagh.o)
 .idata$5       0x0000000000409344        0x8 C:/Mingw_64/mingw64/bin/../lib/gcc/x86_64-w64-mingw32/8.1.0/../../../../x86_64-w64-mingw32/lib/../lib/libmsvcrt.a(duags00081.o)
                0x0000000000409344                __imp___getmainargs
 .idata$5       0x000000000040934c        0x8 C:/Mingw_64/mingw64/bin/../lib/gcc/x86_64-w64-mingw32/8.1.0/../../../../x86_64-w64-mingw32/lib/../lib/libmsvcrt.a(duags00082.o)
                0x000000000040934c                __imp___initenv
 .idata$5       0x0000000000409354        0x8 C:/Mingw_64/mingw64/bin/../lib/gcc/x86_64-w64-mingw32/8.1.0/../../../../x86_64-w64-mingw32/lib/../lib/libmsvcrt.a(duags00083.o)
                0x0000000000409354                __imp___iob_func
 .idata$5       0x000000000040935c        0x8 C:/Mingw_64/mingw64/bin/../lib/gcc/x86_64-w64-mingw32/8.1.0/../../../../x86_64-w64-mingw32/lib/../lib/libmsvcrt.a(duags00090.o)
                0x000000000040935c                __imp___lconv_init
 .idata$5       0x0000000000409364        0x8 C:/Mingw_64/mingw64/bin/../lib/gcc/x86_64-w64-mingw32/8.1.0/../../../../x86_64-w64-mingw32/lib/../lib/libmsvcrt.a(duags00096.o)
                0x0000000000409364                __imp___set_app_type
 .idata$5       0x000000000040936c        0x8 C:/Mingw_64/mingw64/bin/../lib/gcc/x86_64-w64-mingw32/8.1.0/../../../../x86_64-w64-mingw32/lib/../lib/libmsvcrt.a(duags00098.o)
                0x000000000040936c                __imp___setusermatherr
 .idata$5       0x0000000000409374        0x8 C:/Mingw_64/mingw64/bin/../lib/gcc/x86_64-w64-mingw32/8.1.0/../../../../x86_64-w64-mingw32/lib/../lib/libmsvcrt.a(duags00115.o)
                0x0000000000409374                __imp__acmdln
 .idata$5       0x000000000040937c        0x8 C:/Mingw_64/mingw64/bin/../lib/gcc/x86_64-w64-mingw32/8.1.0/../../../../x86_64-w64-mingw32/lib/../lib/libmsvcrt.a(duags00122.o)
                0x000000000040937c                __imp__amsg_exit